Microchip MPLAB XC8 Compiler V2.45

Linker command line:

-W-3 \
  --edf=C:\Program Files\Microchip\xc8\v2.45\pic\dat\20230818022343_en.msgs \
  -cn -h+dist/default/production\PIC-16F18877.X.production.sym \
  --cmf=dist/default/production\PIC-16F18877.X.production.cmf -z -Q16F18877 \
  -oC:\Users\Leonardo\AppData\Local\Temp\xcAs13q8.\driver_tmp_3.o \
  --defsym=__MPLAB_BUILD=1 --fixupoverflow=error \
  -Mdist/default/production/PIC-16F18877.X.production.map \
  --md=C:\Users\Leonardo\AppData\Local\Temp\xcAs13q8.\driver_tmp_0.dat -E1 \
  -ver=XC8 Compiler --acfsm=1493 -ACODE=00h-07FFhx16 -ASTRCODE=00h-07FFFh \
  -ASTRING=00h-0FFhx128 -ACONST=00h-0FFhx128 -AENTRY=00h-0FFhx128 \
  -ACOMMON=070h-07Fh -ABANK0=020h-06Fh -ABANK1=0A0h-0EFh \
  -ABANK2=0120h-016Fh -ABANK3=01A0h-01EFh -ABANK4=0220h-026Fh \
  -ABANK5=02A0h-02EFh -ABANK6=0320h-036Fh -ABANK7=03A0h-03EFh \
  -ABANK8=0420h-046Fh -ABANK9=04A0h-04EFh -ABANK10=0520h-056Fh \
  -ABANK11=05A0h-05EFh -ABANK12=0620h-066Fh -ABANK13=06A0h-06EFh \
  -ABANK14=0720h-076Fh -ABANK15=07A0h-07EFh -ABANK16=0820h-086Fh \
  -ABANK17=08A0h-08EFh -ABANK18=0920h-096Fh -ABANK19=09A0h-09EFh \
  -ABANK20=0A20h-0A6Fh -ABANK21=0AA0h-0AEFh -ABANK22=0B20h-0B6Fh \
  -ABANK23=0BA0h-0BEFh -ABANK24=0C20h-0C6Fh -ABANK25=0CA0h-0CEFh \
  -ABANK26=0D20h-0D6Fh -ABANK27=0DA0h-0DEFh -ABANK28=0E20h-0E6Fh \
  -ABANK29=0EA0h-0EEFh -ABANK30=0F20h-0F6Fh -ABANK31=0FA0h-0FEFh \
  -ABANK32=01020h-0106Fh -ABANK33=010A0h-010EFh -ABANK34=01120h-0116Fh \
  -ABANK35=011A0h-011EFh -ABANK36=01220h-0126Fh -ABANK37=012A0h-012EFh \
  -ABANK38=01320h-0136Fh -ABANK39=013A0h-013EFh -ABANK40=01420h-0146Fh \
  -ABANK41=014A0h-014EFh -ABANK42=01520h-0156Fh -ABANK43=015A0h-015EFh \
  -ABANK44=01620h-0166Fh -ABANK45=016A0h-016EFh -ABANK46=01720h-0176Fh \
  -ABANK47=017A0h-017EFh -ABANK48=01820h-0186Fh -ABANK49=018A0h-018EFh \
  -ABANK50=01920h-0196Fh -ABIGRAM=02000h-02FEFh \
  -ARAM=020h-06Fh,0A0h-0EFh,0120h-016Fh,01A0h-01EFh,0220h-026Fh,02A0h-02EFh,0320h-036Fh,03A0h-03EFh,0420h-046Fh,04A0h-04EFh,0520h-056Fh,05A0h-05EFh,0620h-066Fh,06A0h-06EFh,0720h-076Fh,07A0h-07EFh,0820h-086Fh,08A0h-08EFh,0920h-096Fh,09A0h-09EFh,0A20h-0A6Fh,0AA0h-0AEFh,0B20h-0B6Fh,0BA0h-0BEFh,0C20h-0C6Fh,0CA0h-0CEFh,0D20h-0D6Fh,0DA0h-0DEFh,0E20h-0E6Fh,0EA0h-0EEFh,0F20h-0F6Fh,0FA0h-0FEFh,01020h-0106Fh,010A0h-010EFh,01120h-0116Fh,011A0h-011EFh,01220h-0126Fh,012A0h-012EFh,01320h-0136Fh,013A0h-013EFh,01420h-0146Fh,014A0h-014EFh,01520h-0156Fh,015A0h-015EFh,01620h-0166Fh,016A0h-016EFh,01720h-0176Fh,017A0h-017EFh,01820h-0186Fh,018A0h-018EFh,01920h-0196Fh \
  -AABS1=020h-07Fh,0A0h-0EFh,0120h-016Fh,01A0h-01EFh,0220h-026Fh,02A0h-02EFh,0320h-036Fh,03A0h-03EFh,0420h-046Fh,04A0h-04EFh,0520h-056Fh,05A0h-05EFh,0620h-066Fh,06A0h-06EFh,0720h-076Fh,07A0h-07EFh,0820h-086Fh,08A0h-08EFh,0920h-096Fh,09A0h-09EFh,0A20h-0A6Fh,0AA0h-0AEFh,0B20h-0B6Fh,0BA0h-0BEFh,0C20h-0C6Fh,0CA0h-0CEFh,0D20h-0D6Fh,0DA0h-0DEFh,0E20h-0E6Fh,0EA0h-0EEFh,0F20h-0F6Fh,0FA0h-0FEFh,01020h-0106Fh,010A0h-010EFh,01120h-0116Fh,011A0h-011EFh,01220h-0126Fh,012A0h-012EFh,01320h-0136Fh,013A0h-013EFh,01420h-0146Fh,014A0h-014EFh,01520h-0156Fh,015A0h-015EFh,01620h-0166Fh,016A0h-016EFh,01720h-0176Fh,017A0h-017EFh,01820h-0186Fh,018A0h-018EFh,01920h-0196Fh \
  -ASFR0=00h-01Fh -ASFR1=080h-09Fh -ASFR2=0100h-011Fh -ASFR3=0180h-019Fh \
  -ASFR4=0200h-021Fh -ASFR5=0280h-029Fh -ASFR6=0300h-031Fh \
  -ASFR7=0380h-039Fh -ASFR8=0400h-041Fh -ASFR9=0480h-049Fh \
  -ASFR10=0500h-051Fh -ASFR11=0580h-059Fh -ASFR12=0600h-061Fh \
  -ASFR13=0680h-069Fh -ASFR14=0700h-071Fh -ASFR15=0780h-079Fh \
  -ASFR16=0800h-081Fh -ASFR17=0880h-089Fh -ASFR18=0900h-091Fh \
  -ASFR19=0980h-099Fh -ASFR20=0A00h-0A1Fh -ASFR21=0A80h-0A9Fh \
  -ASFR22=0B00h-0B1Fh -ASFR23=0B80h-0B9Fh -ASFR24=0C00h-0C1Fh \
  -ASFR25=0C80h-0C9Fh -ASFR26=0D00h-0D1Fh -ASFR27=0D80h-0D9Fh \
  -ASFR28=0E00h-0E1Fh -ASFR29=0E80h-0E9Fh -ASFR30=0F00h-0F1Fh \
  -ASFR31=0F80h-0F9Fh -ASFR32=01000h-0101Fh -ASFR33=01080h-0109Fh \
  -ASFR34=01100h-0111Fh -ASFR35=01180h-0119Fh -ASFR36=01200h-0121Fh \
  -ASFR37=01280h-0129Fh -ASFR38=01300h-0131Fh -ASFR39=01380h-0139Fh \
  -ASFR40=01400h-0141Fh -ASFR41=01480h-0149Fh -ASFR42=01500h-0151Fh \
  -ASFR43=01580h-0159Fh -ASFR44=01600h-0161Fh -ASFR45=01680h-0169Fh \
  -ASFR46=01700h-0171Fh -ASFR47=01780h-0179Fh -ASFR48=01800h-0181Fh \
  -ASFR49=01880h-0189Fh -ASFR50=01900h-0191Fh -ASFR51=01980h-019EFh \
  -ASFR52=01A00h-01A6Fh -ASFR53=01A80h-01AEFh -ASFR54=01B00h-01B6Fh \
  -ASFR55=01B80h-01BEFh -ASFR56=01C00h-01C6Fh -ASFR57=01C80h-01CEFh \
  -ASFR58=01D00h-01D6Fh -ASFR59=01D80h-01DEFh -ASFR60=01E00h-01E6Fh \
  -ASFR61=01E80h-01EEFh -ASFR62=01F00h-01F6Fh -ASFR63=01F80h-01FEFh \
  -ACONFIG=08007h-0800Bh -DCONFIG=2 -AIDLOC=08000h-08003h -DIDLOC=2 \
  -AEEDATA=00h-0FFh/0F000h -peeprom_data=EEDATA -DEEDATA=2 -DCODE=2 \
  -DSTRCODE=2 -DSTRING=2 -DCONST=2 -DENTRY=2 \
  -preset_vec=00h,intentry=04h,init,end_init -ppowerup=CODE -pcinit=CODE \
  -pfunctab=ENTRY -k \
  C:\Users\Leonardo\AppData\Local\Temp\xcAs13q8.\driver_tmp_20.o \
  dist/default/production\PIC-16F18877.X.production.o 

Object code version is 3.11

Machine type is 16F18877



                Name                               Link     Load   Length Selector   Space Scale
C:\Users\Leonardo\AppData\Local\Temp\xcAs13q8.\driver_tmp_20.o
                end_init                             25       25        2        8       0
                reset_vec                             0        0        2        0       0
                config                             8007     8007        5        0       4
dist/default/production\PIC-16F18877.X.production.o
                cinit                                27       27       4C        8       0
                intentry                              4        4       21        8       0
                config                             8007     8007        5        0       4
                text65                              800      800        1        8       0
                text64                             12AC     12AC       19     2558       0
                text63                             11F7     11F7        F     23EE       0
                text62                              801      801        1     1002       0
                text61                             12C5     12C5       19     258A       0
                text60                             1206     1206        F     240C       0
                text59                             1234     1234       11     2468       0
                text58                              7FF      7FF        1        8       0
                text57                             1175     1175        6     22EA       0
                text56                             1245     1245       11     248A       0
                text55                             127E     127E       17     24FC       0
                text53                              C1B      C1B      1AA     1836       0
                text52                             13B4     13B4       24     2768       0
                text51                              DC5      DC5      23B     1B8A       0
                text50                              5C9      5C9      208        8       0
                text49                             1352     1352       20     26A4       0
                text48                             1717     1717       71     2E2E       0
                text47                             143E     143E       36     287C       0
                text46                              965      965       AB     12CA       0
                text45                              84E      84E       8B     109C       0
                text44                             14AB     14AB       45     2956       0
                text43                             11BC     11BC        A     2378       0
                text42                             11C6     11C6        A     238C       0
                text41                             1268     1268       16     24D0       0
                text40                              7D1      7D1       24        8       0
                text39                               73       73      556        8       0
                text38                             117B     117B        6     22F6       0
                text37                             1181     1181        6     2302       0
                text36                             1187     1187        6     230E       0
                text35                             1392     1392       22     2724       0
                text34                             11B3     11B3        9     2366       0
                text33                             118D     118D        6     231A       0
                text32                             1193     1193        6     2326       0
                text31                             1592     1592       59     2B24       0
                text30                             11AB     11AB        8     2356       0
                text29                             11DC     11DC        D     23B8       0
                text28                             1199     1199        6     2332       0
                text27                             1372     1372       20     26E4       0
                text26                             11E9     11E9        E     23D2       0
                text25                             1295     1295       17     252A       0
                text24                             12DE     12DE       19     25BC       0
                text23                             116A     116A        3     22D4       0
                text22                             116D     116D        3     22DA       0
                text21                              8D9      8D9       8C     11B2       0
                text20                             1333     1333       1F     2666       0
                text19                             1474     1474       37     28E8       0
                text18                             1215     1215        F     242A       0
                text17                             1170     1170        5     22E0       0
                text16                             1788     1788       78     2F10       0
                text15                             12F7     12F7       1E     25EE       0
                text14                             13D8     13D8       33     27B0       0
                text13                             140B     140B       33     2816       0
                text12                              802      802       4C     1004       0
                text11                              B07      B07      114     160E       0
                text10                             164A     164A       60     2C94       0
                text9                              153F     153F       53     2A7E       0
                text8                              1256     1256       12     24AC       0
                text7                               7F5      7F5        A        8       0
                text6                              119F     119F        6     233E       0
                text5                              15EB     15EB       5F     2BD6       0
                text4                               A10      A10       F7     1420       0
                text3                              1315     1315       1E     262A       0
                text2                              1224     1224       10     2448       0
                text1                              16AA     16AA       6D     2D54       0
                maintext                           14F0     14F0       4F     29E0       0
                cstackBANK0                          20       20       50       20       1
                cstackCOMMON                         70       70        A       70       1
                cstackBANK1                          A0       A0       2F       A0       1
                clrtext                            11D0     11D0        C     23A0       0
                bssBANK3                            1A0      1A0       20      1A0       1
                dataBANK2                           168      168        6      120       1
                bssBANK2                            120      120       3C      120       1
                dataBANK1                            EE       EE        2       A0       1
                bssBANK1                             CF       CF       1F       A0       1
                bssCOMMON                            7A       7A        2       70       1
                stringtext3                        1808     1808        2     3000       0
                stringtext2                        1806     1806        2     3000       0
                stringtext1                        1800     1800        6     3000       0
                nvBANK2                             15C      15C        C      120       1
                idataBANK2                         11A5     11A5        6     234A       0
                idataBANK1                            2        2        2        0       0

TOTAL           Name                               Link     Load   Length     Space
        CLASS   CODE           
                end_init                             25       25        2         0
                cinit                                27       27       4C         0
                intentry                              4        4       21         0
                reset_vec                             0        0        2         0
                text65                              800      800        1         0
                text64                             12AC     12AC       19         0
                text63                             11F7     11F7        F         0
                text62                              801      801        1         0
                text61                             12C5     12C5       19         0
                text60                             1206     1206        F         0
                text59                             1234     1234       11         0
                text58                              7FF      7FF        1         0
                text57                             1175     1175        6         0
                text56                             1245     1245       11         0
                text55                             127E     127E       17         0
                text53                              C1B      C1B      1AA         0
                text52                             13B4     13B4       24         0
                text51                              DC5      DC5      23B         0
                text50                              5C9      5C9      208         0
                text49                             1352     1352       20         0
                text48                             1717     1717       71         0
                text47                             143E     143E       36         0
                text46                              965      965       AB         0
                text45                              84E      84E       8B         0
                text44                             14AB     14AB       45         0
                text43                             11BC     11BC        A         0
                text42                             11C6     11C6        A         0
                text41                             1268     1268       16         0
                text40                              7D1      7D1       24         0
                text39                               73       73      556         0
                text38                             117B     117B        6         0
                text37                             1181     1181        6         0
                text36                             1187     1187        6         0
                text35                             1392     1392       22         0
                text34                             11B3     11B3        9         0
                text33                             118D     118D        6         0
                text32                             1193     1193        6         0
                text31                             1592     1592       59         0
                text30                             11AB     11AB        8         0
                text29                             11DC     11DC        D         0
                text28                             1199     1199        6         0
                text27                             1372     1372       20         0
                text26                             11E9     11E9        E         0
                text25                             1295     1295       17         0
                text24                             12DE     12DE       19         0
                text23                             116A     116A        3         0
                text22                             116D     116D        3         0
                text21                              8D9      8D9       8C         0
                text20                             1333     1333       1F         0
                text19                             1474     1474       37         0
                text18                             1215     1215        F         0
                text17                             1170     1170        5         0
                text16                             1788     1788       78         0
                text15                             12F7     12F7       1E         0
                text14                             13D8     13D8       33         0
                text13                             140B     140B       33         0
                text12                              802      802       4C         0
                text11                              B07      B07      114         0
                text10                             164A     164A       60         0
                text9                              153F     153F       53         0
                text8                              1256     1256       12         0
                text7                               7F5      7F5        A         0
                text6                              119F     119F        6         0
                text5                              15EB     15EB       5F         0
                text4                               A10      A10       F7         0
                text3                              1315     1315       1E         0
                text2                              1224     1224       10         0
                text1                              16AA     16AA       6D         0
                maintext                           14F0     14F0       4F         0
                clrtext                            11D0     11D0        C         0
                idataBANK2                         11A5     11A5        6         0
                idataBANK1                            2        2        2         0

        CLASS   STRCODE        
                stringtext3                        1808     1808        2         0
                stringtext2                        1806     1806        2         0
                stringtext1                        1800     1800        6         0

        CLASS   STRING         

        CLASS   CONST          

        CLASS   ENTRY          

        CLASS   COMMON         
                cstackCOMMON                         70       70        A         1
                bssCOMMON                            7A       7A        2         1

        CLASS   BANK0          
                cstackBANK0                          20       20       50         1

        CLASS   BANK1          
                cstackBANK1                          A0       A0       2F         1
                dataBANK1                            EE       EE        2         1
                bssBANK1                             CF       CF       1F         1

        CLASS   BANK2          
                dataBANK2                           168      168        6         1
                bssBANK2                            120      120       3C         1
                nvBANK2                             15C      15C        C         1

        CLASS   BANK3          
                bssBANK3                            1A0      1A0       20         1

        CLASS   BANK4          

        CLASS   BANK5          

        CLASS   BANK6          

        CLASS   BANK7          

        CLASS   BANK8          

        CLASS   BANK9          

        CLASS   BANK10         

        CLASS   BANK11         

        CLASS   BANK12         

        CLASS   BANK13         

        CLASS   BANK14         

        CLASS   BANK15         

        CLASS   BANK16         

        CLASS   BANK17         

        CLASS   BANK18         

        CLASS   BANK19         

        CLASS   BANK20         

        CLASS   BANK21         

        CLASS   BANK22         

        CLASS   BANK23         

        CLASS   BANK24         

        CLASS   BANK25         

        CLASS   BANK26         

        CLASS   BANK27         

        CLASS   BANK28         

        CLASS   BANK29         

        CLASS   BANK30         

        CLASS   BANK31         

        CLASS   BANK32         

        CLASS   BANK33         

        CLASS   BANK34         

        CLASS   BANK35         

        CLASS   BANK36         

        CLASS   BANK37         

        CLASS   BANK38         

        CLASS   BANK39         

        CLASS   BANK40         

        CLASS   BANK41         

        CLASS   BANK42         

        CLASS   BANK43         

        CLASS   BANK44         

        CLASS   BANK45         

        CLASS   BANK46         

        CLASS   BANK47         

        CLASS   BANK48         

        CLASS   BANK49         

        CLASS   BANK50         

        CLASS   BIGRAM         

        CLASS   RAM            

        CLASS   ABS1           
                abs_s1                               7E       7E        2         1
                abs_s1                             1220     1220       50         1
                abs_s1                             12A0     12A0       50         1
                abs_s1                             1320     1320       50         1
                abs_s1                             13A0     13A0       50         1
                abs_s1                             1420     1420       50         1
                abs_s1                             14A0     14A0       50         1
                abs_s1                             1520     1520       50         1
                abs_s1                             15A0     15A0       50         1
                abs_s1                             1620     1620       50         1
                abs_s1                             16A0     16A0       50         1
                abs_s1                             1720     1720       50         1
                abs_s1                             17A0     17A0       50         1
                abs_s1                             1820     1820       50         1
                abs_s1                             18A0     18A0       50         1
                abs_s1                             1920     1920       50         1
                abs_s1                             2B40     2B40        0         1
                abs_s1                             2D98     2D98        0         1

        CLASS   SFR0           

        CLASS   SFR1           

        CLASS   SFR2           

        CLASS   SFR3           

        CLASS   SFR4           

        CLASS   SFR5           

        CLASS   SFR6           

        CLASS   SFR7           

        CLASS   SFR8           

        CLASS   SFR9           

        CLASS   SFR10          

        CLASS   SFR11          

        CLASS   SFR12          

        CLASS   SFR13          

        CLASS   SFR14          

        CLASS   SFR15          

        CLASS   SFR16          

        CLASS   SFR17          

        CLASS   SFR18          

        CLASS   SFR19          

        CLASS   SFR20          

        CLASS   SFR21          

        CLASS   SFR22          

        CLASS   SFR23          

        CLASS   SFR24          

        CLASS   SFR25          

        CLASS   SFR26          

        CLASS   SFR27          

        CLASS   SFR28          

        CLASS   SFR29          

        CLASS   SFR30          

        CLASS   SFR31          

        CLASS   SFR32          

        CLASS   SFR33          

        CLASS   SFR34          

        CLASS   SFR35          

        CLASS   SFR36          

        CLASS   SFR37          

        CLASS   SFR38          

        CLASS   SFR39          

        CLASS   SFR40          

        CLASS   SFR41          

        CLASS   SFR42          

        CLASS   SFR43          

        CLASS   SFR44          

        CLASS   SFR45          

        CLASS   SFR46          

        CLASS   SFR47          

        CLASS   SFR48          

        CLASS   SFR49          

        CLASS   SFR50          

        CLASS   SFR51          

        CLASS   SFR52          

        CLASS   SFR53          

        CLASS   SFR54          

        CLASS   SFR55          

        CLASS   SFR56          

        CLASS   SFR57          

        CLASS   SFR58          

        CLASS   SFR59          

        CLASS   SFR60          

        CLASS   SFR61          

        CLASS   SFR62          

        CLASS   SFR63          

        CLASS   CONFIG         
                config                             8007     8007        5         4

        CLASS   IDLOC          

        CLASS   EEDATA         

        CLASS   BANK63         

        CLASS   BANK62         

        CLASS   BANK61         

        CLASS   BANK60         

        CLASS   BANK59         

        CLASS   BANK58         

        CLASS   BANK57         

        CLASS   BANK56         

        CLASS   BANK55         

        CLASS   BANK54         

        CLASS   BANK53         

        CLASS   BANK52         

        CLASS   BANK51         

        CLASS   HEAP           

        CLASS   STACK          



SEGMENTS        Name                           Load    Length   Top    Selector   Space  Class     Delta

                reset_vec                      000000  000004  000004         0       0  CODE        2
                intentry                       000004  0007FD  000801         8       0  CODE        2
                cstackBANK0                    000020  000050  000070        20       1  BANK0       1
                cstackCOMMON                   000070  00000C  00007C        70       1  COMMON      1
                cstackBANK1                    0000A0  000050  0000F0        A0       1  BANK1       1
                bssBANK2                       000120  00004E  00016E       120       1  BANK2       1
                bssBANK3                       0001A0  000020  0001C0       1A0       1  BANK3       1
                text62                         000801  000001  000802      1002       0  CODE        2
                text12                         000802  00004C  00084E      1004       0  CODE        2
                text45                         00084E  00008B  0008D9      109C       0  CODE        2
                text21                         0008D9  00008C  000965      11B2       0  CODE        2
                text46                         000965  0000AB  000A10      12CA       0  CODE        2
                text4                          000A10  0000F7  000B07      1420       0  CODE        2
                text11                         000B07  000114  000C1B      160E       0  CODE        2
                text53                         000C1B  0001AA  000DC5      1836       0  CODE        2
                text51                         000DC5  00023B  001000      1B8A       0  CODE        2
                text23                         00116A  000003  00116D      22D4       0  CODE        2
                text22                         00116D  000003  001170      22DA       0  CODE        2
                text17                         001170  000005  001175      22E0       0  CODE        2
                text57                         001175  000006  00117B      22EA       0  CODE        2
                text38                         00117B  000006  001181      22F6       0  CODE        2
                text37                         001181  000006  001187      2302       0  CODE        2
                text36                         001187  000006  00118D      230E       0  CODE        2
                text33                         00118D  000006  001193      231A       0  CODE        2
                text32                         001193  000006  001199      2326       0  CODE        2
                text28                         001199  000006  00119F      2332       0  CODE        2
                text6                          00119F  000006  0011A5      233E       0  CODE        2
                idataBANK2                     0011A5  000006  0011AB      234A       0  CODE        2
                text30                         0011AB  000008  0011B3      2356       0  CODE        2
                text34                         0011B3  000009  0011BC      2366       0  CODE        2
                text43                         0011BC  00000A  0011C6      2378       0  CODE        2
                text42                         0011C6  00000A  0011D0      238C       0  CODE        2
                clrtext                        0011D0  00000C  0011DC      23A0       0  CODE        2
                text29                         0011DC  00000D  0011E9      23B8       0  CODE        2
                text26                         0011E9  00000E  0011F7      23D2       0  CODE        2
                text63                         0011F7  00000F  001206      23EE       0  CODE        2
                text60                         001206  00000F  001215      240C       0  CODE        2
                text18                         001215  00000F  001224      242A       0  CODE        2
                text2                          001224  000010  001234      2448       0  CODE        2
                text59                         001234  000011  001245      2468       0  CODE        2
                text56                         001245  000011  001256      248A       0  CODE        2
                text8                          001256  000012  001268      24AC       0  CODE        2
                text41                         001268  000016  00127E      24D0       0  CODE        2
                text55                         00127E  000017  001295      24FC       0  CODE        2
                text25                         001295  000017  0012AC      252A       0  CODE        2
                text64                         0012AC  000019  0012C5      2558       0  CODE        2
                text61                         0012C5  000019  0012DE      258A       0  CODE        2
                text24                         0012DE  000019  0012F7      25BC       0  CODE        2
                text15                         0012F7  00001E  001315      25EE       0  CODE        2
                text3                          001315  00001E  001333      262A       0  CODE        2
                text20                         001333  00001F  001352      2666       0  CODE        2
                text49                         001352  000020  001372      26A4       0  CODE        2
                text27                         001372  000020  001392      26E4       0  CODE        2
                text35                         001392  000022  0013B4      2724       0  CODE        2
                text52                         0013B4  000024  0013D8      2768       0  CODE        2
                text14                         0013D8  000033  00140B      27B0       0  CODE        2
                text13                         00140B  000033  00143E      2816       0  CODE        2
                text47                         00143E  000036  001474      287C       0  CODE        2
                text19                         001474  000037  0014AB      28E8       0  CODE        2
                text44                         0014AB  000045  0014F0      2956       0  CODE        2
                maintext                       0014F0  00004F  00153F      29E0       0  CODE        2
                text9                          00153F  000053  001592      2A7E       0  CODE        2
                text31                         001592  000059  0015EB      2B24       0  CODE        2
                text5                          0015EB  00005F  00164A      2BD6       0  CODE        2
                text10                         00164A  000060  0016AA      2C94       0  CODE        2
                text1                          0016AA  00006D  001717      2D54       0  CODE        2
                text48                         001717  000071  001788      2E2E       0  CODE        2
                text16                         001788  000078  001800      2F10       0  CODE        2
                stringtext1                    001800  00000A  00180A      3000       0  STRCODE     2


UNUSED ADDRESS RANGES

        Name                Unused          Largest block    Delta
        BANK10           00520-0056F              50           1
        BANK11           005A0-005EF              50           1
        BANK12           00620-0066F              50           1
        BANK13           006A0-006EF              50           1
        BANK14           00720-0076F              50           1
        BANK15           007A0-007EF              50           1
        BANK16           00820-0086F              50           1
        BANK17           008A0-008EF              50           1
        BANK18           00920-0096F              50           1
        BANK19           009A0-009EF              50           1
        BANK2            0016E-0016F               2           1
        BANK20           00A20-00A6F              50           1
        BANK21           00AA0-00AEF              50           1
        BANK22           00B20-00B6F              50           1
        BANK23           00BA0-00BEF              50           1
        BANK24           00C20-00C6F              50           1
        BANK25           00CA0-00CEF              50           1
        BANK26           00D20-00D6F              50           1
        BANK27           00DA0-00DEF              50           1
        BANK28           00E20-00E6F              50           1
        BANK29           00EA0-00EEF              50           1
        BANK3            001C0-001EF              30           1
        BANK30           00F20-00F6F              50           1
        BANK31           00FA0-00FEF              50           1
        BANK32           01020-0106F              50           1
        BANK33           010A0-010EF              50           1
        BANK34           01120-0116F              50           1
        BANK35           011A0-011EF              50           1
        BANK4            00220-0026F              50           1
        BANK5            002A0-002EF              50           1
        BANK6            00320-0036F              50           1
        BANK7            003A0-003EF              50           1
        BANK8            00420-0046F              50           1
        BANK9            004A0-004EF              50           1
        BIGRAM           02000-02FEF             FF0           1
        CODE             01000-01169             16A           2
                         0180A-07FFF             800
        COMMON           0007C-0007D               2           1
        CONST            01000-01169             100           2
                         0180A-07FFF             100
        EEDATA           0F000-0F0FF             100           2
        ENTRY            01000-01169             100           2
                         0180A-07FFF             100
        IDLOC            08000-08003               4           2
        RAM              0016E-0016F               2           1
                         001C0-001EF              30
                         00220-0026F              50
                         002A0-002EF              50
                         00320-0036F              50
                         003A0-003EF              50
                         00420-0046F              50
                         004A0-004EF              50
                         00520-0056F              50
                         005A0-005EF              50
                         00620-0066F              50
                         006A0-006EF              50
                         00720-0076F              50
                         007A0-007EF              50
                         00820-0086F              50
                         008A0-008EF              50
                         00920-0096F              50
                         009A0-009EF              50
                         00A20-00A6F              50
                         00AA0-00AEF              50
                         00B20-00B6F              50
                         00BA0-00BEF              50
                         00C20-00C6F              50
                         00CA0-00CEF              50
                         00D20-00D6F              50
                         00DA0-00DEF              50
                         00E20-00E6F              50
                         00EA0-00EEF              50
                         00F20-00F6F              50
                         00FA0-00FEF              50
                         01020-0106F              50
                         010A0-010EF              50
                         01120-0116F              50
                         011A0-011EF              50
        SFR0             00000-0001F              20           1
        SFR1             00080-0009F              20           1
        SFR10            00500-0051F              20           1
        SFR11            00580-0059F              20           1
        SFR12            00600-0061F              20           1
        SFR13            00680-0069F              20           1
        SFR14            00700-0071F              20           1
        SFR15            00780-0079F              20           1
        SFR16            00800-0081F              20           1
        SFR17            00880-0089F              20           1
        SFR18            00900-0091F              20           1
        SFR19            00980-0099F              20           1
        SFR2             00100-0011F              20           1
        SFR20            00A00-00A1F              20           1
        SFR21            00A80-00A9F              20           1
        SFR22            00B00-00B1F              20           1
        SFR23            00B80-00B9F              20           1
        SFR24            00C00-00C1F              20           1
        SFR25            00C80-00C9F              20           1
        SFR26            00D00-00D1F              20           1
        SFR27            00D80-00D9F              20           1
        SFR28            00E00-00E1F              20           1
        SFR29            00E80-00E9F              20           1
        SFR3             00180-0019F              20           1
        SFR30            00F00-00F1F              20           1
        SFR31            00F80-00F9F              20           1
        SFR32            01000-0101F              20           1
        SFR33            01080-0109F              20           1
        SFR34            01100-0111F              20           1
        SFR35            01180-0119F              20           1
        SFR36            01200-0121F              20           1
        SFR37            01280-0129F              20           1
        SFR38            01300-0131F              20           1
        SFR39            01380-0139F              20           1
        SFR4             00200-0021F              20           1
        SFR40            01400-0141F              20           1
        SFR41            01480-0149F              20           1
        SFR42            01500-0151F              20           1
        SFR43            01580-0159F              20           1
        SFR44            01600-0161F              20           1
        SFR45            01680-0169F              20           1
        SFR46            01700-0171F              20           1
        SFR47            01780-0179F              20           1
        SFR48            01800-0181F              20           1
        SFR49            01880-0189F              20           1
        SFR5             00280-0029F              20           1
        SFR50            01900-0191F              20           1
        SFR51            01980-019EF              70           1
        SFR52            01A00-01A6F              70           1
        SFR53            01A80-01AEF              70           1
        SFR54            01B00-01B6F              70           1
        SFR55            01B80-01BEF              70           1
        SFR56            01C00-01C6F              70           1
        SFR57            01C80-01CEF              70           1
        SFR58            01D00-01D6F              70           1
        SFR59            01D80-01DEF              70           1
        SFR6             00300-0031F              20           1
        SFR60            01E00-01E6F              70           1
        SFR61            01E80-01EEF              70           1
        SFR62            01F00-01F6F              70           1
        SFR63            01F80-01FEF              70           1
        SFR7             00380-0039F              20           1
        SFR8             00400-0041F              20           1
        SFR9             00480-0049F              20           1
        STRCODE          01000-01169             16A           2
                         0180A-07FFF            67F6
        STRING           01000-01169             100           2
                         0180A-07FFF             100

                                  Symbol Table

?__Umul8_16                                    cstackCOMMON 00072
?___awdiv                                      cstackCOMMON 00072
?___awmod                                      cstackCOMMON 00072
?___fladd                                      cstackBANK0  0004C
?___fldiv                                      cstackBANK0  0004C
?___flmul                                      cstackBANK0  00032
?___flsub                                      cstackBANK0  00066
?___fltol                                      cstackBANK0  00066
?___lmul                                       cstackCOMMON 00072
?___wmul                                       cstackCOMMON 00072
?___xxtofl                                     cstackBANK0  00024
?_abs                                          cstackBANK0  00020
?_atoi                                         cstackCOMMON 00078
?_constrain                                    cstackBANK0  00024
?_getPosition                                  cstackCOMMON 00072
?_getVelocity                                  cstackCOMMON 00072
?_printf                                       cstackBANK0  0003C
?_strchr                                       cstackCOMMON 00072
?_strcspn                                      cstackBANK0  00020
?_strspn                                       cstackBANK0  00020
?_vfprintf                                     cstackBANK0  00035
EUSART_SetErrorHandler@interruptHandler        cstackCOMMON 00072
EUSART_SetFramingErrorHandler@interruptHandler cstackCOMMON 00072
EUSART_SetOverrunErrorHandler@interruptHandler cstackCOMMON 00072
EUSART_Write@txData                            cstackCOMMON 00072
IOCCF1_SetInterruptHandler@InterruptHandler    cstackCOMMON 00072
IOCCF2_SetInterruptHandler@InterruptHandler    cstackCOMMON 00072
PWM6_LoadDutyValue@dutyValue                   cstackCOMMON 00072
TMR1_SetInterruptHandler@InterruptHandler      cstackCOMMON 00072
TMR1_WriteTimer@timerVal                       cstackCOMMON 00070
_ANSELA                                        (abs)        01F38
_ANSELB                                        (abs)        01F43
_ANSELC                                        (abs)        01F4E
_ANSELD                                        (abs)        01F59
_ANSELE                                        (abs)        01F64
_BAUD1CON                                      (abs)        0011F
_CCPTMRS1bits                                  (abs)        0021F
_Data                                          (abs)        02D98
_ENCA_ISR                                      text64       012AC
_ENCB_ISR                                      text61       012C5
_EUSART_DefaultErrorHandler                    (abs)        00000
_EUSART_DefaultFramingErrorHandler             (abs)        00000
_EUSART_DefaultOverrunErrorHandler             (abs)        00000
_EUSART_ErrorHandler                           nvBANK2      00162
_EUSART_FramingErrorHandler                    nvBANK2      00166
_EUSART_Initialize                             text35       01392
_EUSART_OverrunErrorHandler                    nvBANK2      00164
_EUSART_Read                                   text18       01215
_EUSART_SetErrorHandler                        text38       0117B
_EUSART_SetFramingErrorHandler                 text37       01181
_EUSART_SetOverrunErrorHandler                 text36       01187
_EUSART_Write                                  text7        007F5
_EUSART_is_rx_ready                            text17       01170
_INLVLA                                        (abs)        01F3C
_INLVLB                                        (abs)        01F47
_INLVLC                                        (abs)        01F52
_INLVLD                                        (abs)        01F5D
_INLVLE                                        (abs)        01F68
_INTCONbits                                    (abs)        0000B
_INTERRUPT_InterruptManager                    intentry     00004
_IOCCF1_DefaultInterruptHandler                text65       00800
_IOCCF1_ISR                                    text63       011F7
_IOCCF1_InterruptHandler                       nvBANK2      00160
_IOCCF1_SetInterruptHandler                    text33       0118D
_IOCCF2_DefaultInterruptHandler                text62       00801
_IOCCF2_ISR                                    text60       01206
_IOCCF2_InterruptHandler                       nvBANK2      0015E
_IOCCF2_SetInterruptHandler                    text32       01193
_IOCCFbits                                     (abs)        01F55
_IOCCNbits                                     (abs)        01F54
_IOCCPbits                                     (abs)        01F53
_LATA                                          (abs)        00016
_LATB                                          (abs)        00017
_LATC                                          (abs)        00018
_LATCbits                                      (abs)        00018
_LATD                                          (abs)        00019
_LATDbits                                      (abs)        00019
_LATE                                          (abs)        0001A
_ODCONA                                        (abs)        01F3A
_ODCONB                                        (abs)        01F45
_ODCONC                                        (abs)        01F50
_ODCOND                                        (abs)        01F5B
_ODCONE                                        (abs)        01F66
_OSCCON1                                       (abs)        0088D
_OSCCON3                                       (abs)        0088F
_OSCEN                                         (abs)        00891
_OSCFRQ                                        (abs)        00893
_OSCILLATOR_Initialize                         text34       011B3
_OSCTUNE                                       (abs)        00892
_PID                                           text39       00073
_PID$2222                                      cstackBANK1  000AF
_PID$2223                                      cstackBANK1  000A7
_PID$2224                                      cstackBANK1  000AB
_PIE0bits                                      (abs)        00716
_PIE4bits                                      (abs)        0071A
_PIN_MANAGER_IOC                               text59       01234
_PIN_MANAGER_Initialize                        text31       01592
_PIR0bits                                      (abs)        0070C
_PIR3bits                                      (abs)        0070F
_PIR4bits                                      (abs)        00710
_PMD0                                          (abs)        00796
_PMD1                                          (abs)        00797
_PMD2                                          (abs)        00798
_PMD3                                          (abs)        00799
_PMD4                                          (abs)        0079A
_PMD5                                          (abs)        0079B
_PMD_Initialize                                text30       011AB
_PORTCbits                                     (abs)        0000E
_PR2                                           (abs)        0028D
_PWM6CON                                       (abs)        0038E
_PWM6DCH                                       (abs)        0038D
_PWM6DCL                                       (abs)        0038C
_PWM6_Initialize                               text29       011DC
_PWM6_LoadDutyValue                            text41       01268
_RC1REG                                        (abs)        00119
_RC1STA                                        (abs)        0011D
_RC1STAbits                                    (abs)        0011D
_RC4PPS                                        (abs)        01F24
_RD1PPS                                        (abs)        01F29
_RXPPS                                         (abs)        01ECB
_SLRCONA                                       (abs)        01F3B
_SLRCONB                                       (abs)        01F46
_SLRCONC                                       (abs)        01F51
_SLRCOND                                       (abs)        01F5C
_SLRCONE                                       (abs)        01F67
_SP1BRGH                                       (abs)        0011C
_SP1BRGL                                       (abs)        0011B
_SYSTEM_Initialize                             text24       012DE
_T1CLK                                         (abs)        00211
_T1CON                                         (abs)        0020E
_T1CONbits                                     (abs)        0020E
_T1GATE                                        (abs)        00210
_T1GCON                                        (abs)        0020F
_T1GCONbits                                    (abs)        0020F
_T2CLKCON                                      (abs)        00290
_T2CON                                         (abs)        0028E
_T2CONbits                                     (abs)        0028E
_T2HLT                                         (abs)        0028F
_T2HLTbits                                     (abs)        0028F
_T2PR                                          (abs)        0028D
_T2RST                                         (abs)        00291
_T2RSTbits                                     (abs)        00291
_T2TMR                                         (abs)        0028C
_T3CLK                                         (abs)        00217
_T3CON                                         (abs)        00214
_T3CONbits                                     (abs)        00214
_T3GATE                                        (abs)        00216
_T3GCON                                        (abs)        00215
_T3GCONbits                                    (abs)        00215
_TIMER_ISR                                     text57       01175
_TMR1H                                         (abs)        0020D
_TMR1L                                         (abs)        0020C
_TMR1_DefaultInterruptHandler                  text58       007FF
_TMR1_ISR                                      text55       0127E
_TMR1_Initialize                               text27       01372
_TMR1_InterruptHandler                         nvBANK2      0015C
_TMR1_SetInterruptHandler                      text28       01199
_TMR1_StartTimer                               text22       0116D
_TMR1_StopTimer                                text23       0116A
_TMR1_WriteTimer                               text56       01245
_TMR2                                          (abs)        0028C
_TMR2_Initialize                               text26       011E9
_TMR3H                                         (abs)        00213
_TMR3L                                         (abs)        00212
_TMR3_Initialize                               text25       01295
_TRISA                                         (abs)        00011
_TRISB                                         (abs)        00012
_TRISC                                         (abs)        00013
_TRISD                                         (abs)        00014
_TRISE                                         (abs)        00015
_TX1REG                                        (abs)        0011A
_TX1STA                                        (abs)        0011E
_TX1STAbits                                    (abs)        0011E
_Time                                          (abs)        02B40
_WPUA                                          (abs)        01F39
_WPUB                                          (abs)        01F44
_WPUC                                          (abs)        01F4F
_WPUD                                          (abs)        01F5A
_WPUE                                          (abs)        01F65
__H__absolute__                                __absolute__ 00000
__Habs1                                        abs1         00000
__Hbank0                                       bank0        00000
__Hbank1                                       bank1        00000
__Hbank10                                      bank10       00000
__Hbank11                                      bank11       00000
__Hbank12                                      bank12       00000
__Hbank13                                      bank13       00000
__Hbank14                                      bank14       00000
__Hbank15                                      bank15       00000
__Hbank16                                      bank16       00000
__Hbank17                                      bank17       00000
__Hbank18                                      bank18       00000
__Hbank19                                      bank19       00000
__Hbank2                                       bank2        00000
__Hbank20                                      bank20       00000
__Hbank21                                      bank21       00000
__Hbank22                                      bank22       00000
__Hbank23                                      bank23       00000
__Hbank24                                      bank24       00000
__Hbank25                                      bank25       00000
__Hbank26                                      bank26       00000
__Hbank27                                      bank27       00000
__Hbank28                                      bank28       00000
__Hbank29                                      bank29       00000
__Hbank3                                       bank3        00000
__Hbank30                                      bank30       00000
__Hbank31                                      bank31       00000
__Hbank32                                      bank32       00000
__Hbank33                                      bank33       00000
__Hbank34                                      bank34       00000
__Hbank35                                      bank35       00000
__Hbank36                                      bank36       00000
__Hbank37                                      bank37       00000
__Hbank38                                      bank38       00000
__Hbank39                                      bank39       00000
__Hbank4                                       bank4        00000
__Hbank40                                      bank40       00000
__Hbank41                                      bank41       00000
__Hbank42                                      bank42       00000
__Hbank43                                      bank43       00000
__Hbank44                                      bank44       00000
__Hbank45                                      bank45       00000
__Hbank46                                      bank46       00000
__Hbank47                                      bank47       00000
__Hbank48                                      bank48       00000
__Hbank49                                      bank49       00000
__Hbank5                                       bank5        00000
__Hbank50                                      bank50       00000
__Hbank51                                      bank51       00000
__Hbank52                                      bank52       00000
__Hbank53                                      bank53       00000
__Hbank54                                      bank54       00000
__Hbank55                                      bank55       00000
__Hbank56                                      bank56       00000
__Hbank57                                      bank57       00000
__Hbank58                                      bank58       00000
__Hbank59                                      bank59       00000
__Hbank6                                       bank6        00000
__Hbank60                                      bank60       00000
__Hbank61                                      bank61       00000
__Hbank62                                      bank62       00000
__Hbank63                                      bank63       00000
__Hbank7                                       bank7        00000
__Hbank8                                       bank8        00000
__Hbank9                                       bank9        00000
__Hbigram                                      bigram       00000
__HbssBANK1                                    bssBANK1     00000
__HbssBANK2                                    bssBANK2     00000
__HbssBANK3                                    bssBANK3     00000
__HbssCOMMON                                   bssCOMMON    00000
__Hcinit                                       cinit        00073
__Hclrtext                                     clrtext      00000
__Hcode                                        code         00000
__Hcommon                                      common       00000
__Hconfig                                      config       0800C
__HcstackBANK0                                 cstackBANK0  00000
__HcstackBANK1                                 cstackBANK1  00000
__HcstackCOMMON                                cstackCOMMON 00000
__HdataBANK1                                   dataBANK1    00000
__HdataBANK2                                   dataBANK2    00000
__Heeprom_data                                 eeprom_data  00000
__Hend_init                                    end_init     00027
__Hfunctab                                     functab      00000
__Hheap                                        heap         00000
__HidataBANK1                                  idataBANK1   00000
__HidataBANK2                                  idataBANK2   00000
__Hinit                                        init         00025
__Hintentry                                    intentry     00025
__Hmaintext                                    maintext     00000
__HnvBANK2                                     nvBANK2      00000
__Hpowerup                                     powerup      00000
__Hram                                         ram          00000
__Hreset_vec                                   reset_vec    00002
__Hsfr0                                        sfr0         00000
__Hsfr1                                        sfr1         00000
__Hsfr10                                       sfr10        00000
__Hsfr11                                       sfr11        00000
__Hsfr12                                       sfr12        00000
__Hsfr13                                       sfr13        00000
__Hsfr14                                       sfr14        00000
__Hsfr15                                       sfr15        00000
__Hsfr16                                       sfr16        00000
__Hsfr17                                       sfr17        00000
__Hsfr18                                       sfr18        00000
__Hsfr19                                       sfr19        00000
__Hsfr2                                        sfr2         00000
__Hsfr20                                       sfr20        00000
__Hsfr21                                       sfr21        00000
__Hsfr22                                       sfr22        00000
__Hsfr23                                       sfr23        00000
__Hsfr24                                       sfr24        00000
__Hsfr25                                       sfr25        00000
__Hsfr26                                       sfr26        00000
__Hsfr27                                       sfr27        00000
__Hsfr28                                       sfr28        00000
__Hsfr29                                       sfr29        00000
__Hsfr3                                        sfr3         00000
__Hsfr30                                       sfr30        00000
__Hsfr31                                       sfr31        00000
__Hsfr32                                       sfr32        00000
__Hsfr33                                       sfr33        00000
__Hsfr34                                       sfr34        00000
__Hsfr35                                       sfr35        00000
__Hsfr36                                       sfr36        00000
__Hsfr37                                       sfr37        00000
__Hsfr38                                       sfr38        00000
__Hsfr39                                       sfr39        00000
__Hsfr4                                        sfr4         00000
__Hsfr40                                       sfr40        00000
__Hsfr41                                       sfr41        00000
__Hsfr42                                       sfr42        00000
__Hsfr43                                       sfr43        00000
__Hsfr44                                       sfr44        00000
__Hsfr45                                       sfr45        00000
__Hsfr46                                       sfr46        00000
__Hsfr47                                       sfr47        00000
__Hsfr48                                       sfr48        00000
__Hsfr49                                       sfr49        00000
__Hsfr5                                        sfr5         00000
__Hsfr50                                       sfr50        00000
__Hsfr51                                       sfr51        00000
__Hsfr52                                       sfr52        00000
__Hsfr53                                       sfr53        00000
__Hsfr54                                       sfr54        00000
__Hsfr55                                       sfr55        00000
__Hsfr56                                       sfr56        00000
__Hsfr57                                       sfr57        00000
__Hsfr58                                       sfr58        00000
__Hsfr59                                       sfr59        00000
__Hsfr6                                        sfr6         00000
__Hsfr60                                       sfr60        00000
__Hsfr61                                       sfr61        00000
__Hsfr62                                       sfr62        00000
__Hsfr63                                       sfr63        00000
__Hsfr7                                        sfr7         00000
__Hsfr8                                        sfr8         00000
__Hsfr9                                        sfr9         00000
__Hspace_0                                     (abs)        0180A
__Hspace_1                                     (abs)        001C0
__Hspace_2                                     (abs)        00000
__Hspace_3                                     (abs)        00000
__Hspace_4                                     (abs)        10013
__Hstack                                       stack        00000
__Hstrings                                     strings      00000
__Hstringtext1                                 stringtext1  00000
__Hstringtext2                                 stringtext2  00000
__Hstringtext3                                 stringtext3  00000
__Hstringtext4                                 stringtext4  00000
__Htext                                        text         00000
__L__absolute__                                __absolute__ 00000
__Labs1                                        abs1         00000
__Lbank0                                       bank0        00000
__Lbank1                                       bank1        00000
__Lbank10                                      bank10       00000
__Lbank11                                      bank11       00000
__Lbank12                                      bank12       00000
__Lbank13                                      bank13       00000
__Lbank14                                      bank14       00000
__Lbank15                                      bank15       00000
__Lbank16                                      bank16       00000
__Lbank17                                      bank17       00000
__Lbank18                                      bank18       00000
__Lbank19                                      bank19       00000
__Lbank2                                       bank2        00000
__Lbank20                                      bank20       00000
__Lbank21                                      bank21       00000
__Lbank22                                      bank22       00000
__Lbank23                                      bank23       00000
__Lbank24                                      bank24       00000
__Lbank25                                      bank25       00000
__Lbank26                                      bank26       00000
__Lbank27                                      bank27       00000
__Lbank28                                      bank28       00000
__Lbank29                                      bank29       00000
__Lbank3                                       bank3        00000
__Lbank30                                      bank30       00000
__Lbank31                                      bank31       00000
__Lbank32                                      bank32       00000
__Lbank33                                      bank33       00000
__Lbank34                                      bank34       00000
__Lbank35                                      bank35       00000
__Lbank36                                      bank36       00000
__Lbank37                                      bank37       00000
__Lbank38                                      bank38       00000
__Lbank39                                      bank39       00000
__Lbank4                                       bank4        00000
__Lbank40                                      bank40       00000
__Lbank41                                      bank41       00000
__Lbank42                                      bank42       00000
__Lbank43                                      bank43       00000
__Lbank44                                      bank44       00000
__Lbank45                                      bank45       00000
__Lbank46                                      bank46       00000
__Lbank47                                      bank47       00000
__Lbank48                                      bank48       00000
__Lbank49                                      bank49       00000
__Lbank5                                       bank5        00000
__Lbank50                                      bank50       00000
__Lbank51                                      bank51       00000
__Lbank52                                      bank52       00000
__Lbank53                                      bank53       00000
__Lbank54                                      bank54       00000
__Lbank55                                      bank55       00000
__Lbank56                                      bank56       00000
__Lbank57                                      bank57       00000
__Lbank58                                      bank58       00000
__Lbank59                                      bank59       00000
__Lbank6                                       bank6        00000
__Lbank60                                      bank60       00000
__Lbank61                                      bank61       00000
__Lbank62                                      bank62       00000
__Lbank63                                      bank63       00000
__Lbank7                                       bank7        00000
__Lbank8                                       bank8        00000
__Lbank9                                       bank9        00000
__Lbigram                                      bigram       00000
__LbssBANK1                                    bssBANK1     00000
__LbssBANK2                                    bssBANK2     00000
__LbssBANK3                                    bssBANK3     00000
__LbssCOMMON                                   bssCOMMON    00000
__Lcinit                                       cinit        00027
__Lclrtext                                     clrtext      00000
__Lcode                                        code         00000
__Lcommon                                      common       00000
__Lconfig                                      config       00000
__LcstackBANK0                                 cstackBANK0  00000
__LcstackBANK1                                 cstackBANK1  00000
__LcstackCOMMON                                cstackCOMMON 00000
__LdataBANK1                                   dataBANK1    00000
__LdataBANK2                                   dataBANK2    00000
__Leeprom_data                                 eeprom_data  00000
__Lend_init                                    end_init     00025
__Lfunctab                                     functab      00000
__Lheap                                        heap         00000
__LidataBANK1                                  idataBANK1   00000
__LidataBANK2                                  idataBANK2   00000
__Linit                                        init         00025
__Lintentry                                    intentry     00004
__Lmaintext                                    maintext     00000
__LnvBANK2                                     nvBANK2      00000
__Lpowerup                                     powerup      00000
__Lram                                         ram          00000
__Lreset_vec                                   reset_vec    00000
__Lsfr0                                        sfr0         00000
__Lsfr1                                        sfr1         00000
__Lsfr10                                       sfr10        00000
__Lsfr11                                       sfr11        00000
__Lsfr12                                       sfr12        00000
__Lsfr13                                       sfr13        00000
__Lsfr14                                       sfr14        00000
__Lsfr15                                       sfr15        00000
__Lsfr16                                       sfr16        00000
__Lsfr17                                       sfr17        00000
__Lsfr18                                       sfr18        00000
__Lsfr19                                       sfr19        00000
__Lsfr2                                        sfr2         00000
__Lsfr20                                       sfr20        00000
__Lsfr21                                       sfr21        00000
__Lsfr22                                       sfr22        00000
__Lsfr23                                       sfr23        00000
__Lsfr24                                       sfr24        00000
__Lsfr25                                       sfr25        00000
__Lsfr26                                       sfr26        00000
__Lsfr27                                       sfr27        00000
__Lsfr28                                       sfr28        00000
__Lsfr29                                       sfr29        00000
__Lsfr3                                        sfr3         00000
__Lsfr30                                       sfr30        00000
__Lsfr31                                       sfr31        00000
__Lsfr32                                       sfr32        00000
__Lsfr33                                       sfr33        00000
__Lsfr34                                       sfr34        00000
__Lsfr35                                       sfr35        00000
__Lsfr36                                       sfr36        00000
__Lsfr37                                       sfr37        00000
__Lsfr38                                       sfr38        00000
__Lsfr39                                       sfr39        00000
__Lsfr4                                        sfr4         00000
__Lsfr40                                       sfr40        00000
__Lsfr41                                       sfr41        00000
__Lsfr42                                       sfr42        00000
__Lsfr43                                       sfr43        00000
__Lsfr44                                       sfr44        00000
__Lsfr45                                       sfr45        00000
__Lsfr46                                       sfr46        00000
__Lsfr47                                       sfr47        00000
__Lsfr48                                       sfr48        00000
__Lsfr49                                       sfr49        00000
__Lsfr5                                        sfr5         00000
__Lsfr50                                       sfr50        00000
__Lsfr51                                       sfr51        00000
__Lsfr52                                       sfr52        00000
__Lsfr53                                       sfr53        00000
__Lsfr54                                       sfr54        00000
__Lsfr55                                       sfr55        00000
__Lsfr56                                       sfr56        00000
__Lsfr57                                       sfr57        00000
__Lsfr58                                       sfr58        00000
__Lsfr59                                       sfr59        00000
__Lsfr6                                        sfr6         00000
__Lsfr60                                       sfr60        00000
__Lsfr61                                       sfr61        00000
__Lsfr62                                       sfr62        00000
__Lsfr63                                       sfr63        00000
__Lsfr7                                        sfr7         00000
__Lsfr8                                        sfr8         00000
__Lsfr9                                        sfr9         00000
__Lspace_0                                     (abs)        00000
__Lspace_1                                     (abs)        00000
__Lspace_2                                     (abs)        00000
__Lspace_3                                     (abs)        00000
__Lspace_4                                     (abs)        00000
__Lstack                                       stack        00000
__Lstrings                                     strings      00000
__Lstringtext1                                 stringtext1  00000
__Lstringtext2                                 stringtext2  00000
__Lstringtext3                                 stringtext3  00000
__Lstringtext4                                 stringtext4  00000
__Ltext                                        text         00000
__S0                                           (abs)        0180A
__S1                                           (abs)        001C0
__S3                                           (abs)        00000
__Umul8_16                                     text52       013B4
__Umul8_16@multiplicand                        cstackCOMMON 00072
__Umul8_16@multiplier                          cstackBANK0  00024
__Umul8_16@product                             cstackBANK0  00020
__Umul8_16@word_mpld                           cstackBANK0  00022
___awdiv                                       text10       0164A
___awdiv@counter                               cstackBANK0  00020
___awdiv@dividend                              cstackCOMMON 00074
___awdiv@divisor                               cstackCOMMON 00072
___awdiv@quotient                              cstackBANK0  00022
___awdiv@sign                                  cstackBANK0  00021
___awmod                                       text9        0153F
___awmod@counter                               cstackCOMMON 00077
___awmod@dividend                              cstackCOMMON 00074
___awmod@divisor                               cstackCOMMON 00072
___awmod@sign                                  cstackCOMMON 00078
___fladd                                       text50       005C9
___fladd@a                                     cstackBANK0  00050
___fladd@aexp                                  cstackBANK0  0005D
___fladd@b                                     cstackBANK0  0004C
___fladd@bexp                                  cstackBANK0  0005E
___fladd@grs                                   cstackBANK0  0005F
___fladd@signs                                 cstackBANK0  0005C
___fldiv                                       text53       00C1B
___fldiv@a                                     cstackBANK0  0004C
___fldiv@aexp                                  cstackBANK0  00065
___fldiv@b                                     cstackBANK0  00050
___fldiv@bexp                                  cstackBANK0  00064
___fldiv@grs                                   cstackBANK0  00060
___fldiv@new_exp                               cstackBANK0  0005E
___fldiv@rem                                   cstackBANK0  00059
___fldiv@sign                                  cstackBANK0  0005D
___flge                                        text45       0084E
___flge@ff1                                    cstackCOMMON 00072
___flge@ff2                                    cstackCOMMON 00076
___flmul                                       text51       00DC5
[...]
__pbssBANK3                                    bssBANK3     001A0
__pbssBIGRAM                                   (abs)        02B40
__pbssCOMMON                                   bssCOMMON    0007A
__pcstackBANK0                                 cstackBANK0  00020
__pcstackBANK1                                 cstackBANK1  000A0
__pcstackCOMMON                                cstackCOMMON 00070
__pdataBANK1                                   dataBANK1    000EE
__pdataBANK2                                   dataBANK2    00168
__pidataBANK1                                  idataBANK1   00002
__pidataBANK2                                  idataBANK2   011A5
__pintentry                                    intentry     00004
__pmaintext                                    maintext     014F0
__pnvBANK2                                     nvBANK2      0015C
__pstringtext1                                 stringtext1  01800
__pstringtext2                                 stringtext2  01806
__pstringtext3                                 stringtext3  01808
__pstringtext4                                 stringtext4  00000
__ptext1                                       text1        016AA
__ptext10                                      text10       0164A
__ptext11                                      text11       00B07
__ptext12                                      text12       00802
__ptext13                                      text13       0140B
__ptext14                                      text14       013D8
__ptext15                                      text15       012F7
__ptext16                                      text16       01788
__ptext17                                      text17       01170
__ptext18                                      text18       01215
__ptext19                                      text19       01474
__ptext2                                       text2        01224
__ptext20                                      text20       01333
__ptext21                                      text21       008D9
__ptext22                                      text22       0116D
__ptext23                                      text23       0116A
__ptext24                                      text24       012DE
__ptext25                                      text25       01295
__ptext26                                      text26       011E9
__ptext27                                      text27       01372
__ptext28                                      text28       01199
__ptext29                                      text29       011DC
__ptext3                                       text3        01315
__ptext30                                      text30       011AB
__ptext31                                      text31       01592
__ptext32                                      text32       01193
__ptext33                                      text33       0118D
__ptext34                                      text34       011B3
__ptext35                                      text35       01392
__ptext36                                      text36       01187
__ptext37                                      text37       01181
__ptext38                                      text38       0117B
__ptext39                                      text39       00073
__ptext4                                       text4        00A10
__ptext40                                      text40       007D1
__ptext41                                      text41       01268
__ptext42                                      text42       011C6
__ptext43                                      text43       011BC
__ptext44                                      text44       014AB
__ptext45                                      text45       0084E
__ptext46                                      text46       00965
__ptext47                                      text47       0143E
__ptext48                                      text48       01717
__ptext49                                      text49       01352
__ptext5                                       text5        015EB
__ptext50                                      text50       005C9
__ptext51                                      text51       00DC5
__ptext52                                      text52       013B4
__ptext53                                      text53       00C1B
__ptext55                                      text55       0127E
__ptext56                                      text56       01245
__ptext57                                      text57       01175
__ptext58                                      text58       007FF
__ptext59                                      text59       01234
__ptext6                                       text6        0119F
__ptext60                                      text60       01206
__ptext61                                      text61       012C5
__ptext62                                      text62       00801
__ptext63                                      text63       011F7
__ptext64                                      text64       012AC
__ptext65                                      text65       00800
__ptext7                                       text7        007F5
__ptext8                                       text8        01256
__ptext9                                       text9        0153F
_abs                                           text8        01256
_atoi                                          text16       01788
_constrain                                     text44       014AB
_correction                                    bssBANK2     00134
_correction_anterior                           bssBANK2     00130
_correction_anterior_anterior                  bssBANK2     0012C
_dbuf                                          bssBANK3     001A0
_encoder                                       bssBANK1     000DF
_error                                         bssBANK1     000DB
_error_anterior                                bssBANK2     0013C
_error_anterior_anterior                       bssBANK2     00138
_error_integrativo                             bssBANK1     000D7
_eusartRxLastError                             bssCOMMON    0007B
_flags                                         bssBANK1     000E7
_fputc                                         text5        015EB
_getPosition                                   text43       011BC
_getVelocity                                   text42       011C6
_index_encoder                                 bssBANK1     000E3
_index_encoder_anterior                        dataBANK2    0016C
_inicializaControle                            text21       008D9
_initialize                                    text19       01474
_kd                                            bssBANK2     00150
_ki                                            bssBANK2     00154
_kp                                            bssBANK2     00158
_lastPos                                       bssBANK2     00128
_lastPulse                                     bssBANK2     00140
_lastVel                                       bssBANK2     00124
_main                                          maintext     014F0
_moveMotor                                     text40       007D1
_pos                                           bssBANK1     000D3
_prec                                          bssBANK2     0014E
_printf                                        text2        01224
_putch                                         text6        0119F
_readMensage                                   text11       00B07
_sendMensage                                   text1        016AA
_setPoint                                      bssBANK1     000E8
_strchr                                        text15       012F7
_strcspn                                       text14       013D8
_strspn                                        text13       0140B
_strtok                                        text12       00802
_timer1ReloadVal                               dataBANK1    000EE
_timer3ReloadVal                               bssBANK1     000E5
_type                                          bssBANK1     000EC
_vel                                           bssBANK1     000CF
_velPulse_ms                                   bssBANK2     00120
_vfpfcnvrt                                     text4        00A10
_vfprintf                                      text3        01315
_width                                         bssBANK2     0014C
abs@a                                          cstackBANK0  00020
atoi@n                                         cstackBANK0  00023
atoi@neg                                       cstackBANK0  00022
atoi@s                                         cstackBANK0  00025
btemp                                          (abs)        0007E
clear_ram0                                     clrtext      011D0
constrain@MAX                                  cstackBANK0  0002C
constrain@MIN                                  cstackBANK0  00028
constrain@VAR                                  cstackBANK0  00024
end_of_initialization                          cinit        0006F
fputc@c                                        cstackCOMMON 00074
fputc@fp                                       cstackCOMMON 00076
initialize@index                               cstackCOMMON 00078
int$flags                                      (abs)        0007E
intlevel0                                      functab      00000
intlevel1                                      functab      00000
intlevel2                                      functab      00000
intlevel3                                      functab      00000
intlevel4                                      functab      00000
intlevel5                                      functab      00000
moveMotor@m                                    cstackBANK1  000A0
printf@ap                                      cstackBANK0  00042
printf@fmt                                     cstackBANK0  0003C
putch@txData                                   cstackCOMMON 00073
readMensage@KD                                 cstackBANK0  00069
readMensage@KI                                 cstackBANK0  00068
readMensage@KP                                 cstackBANK0  00067
readMensage@SETPOINT                           cstackBANK0  00066
readMensage@TYPE                               cstackBANK1  000C8
readMensage@i                                  cstackBANK1  000CB
readMensage@j                                  cstackBANK1  000C9
readMensage@receivedChar                       cstackBANK1  000CE
readMensage@receivedString                     cstackBANK1  000A0
readMensage@token                              cstackBANK1  000CD
readMensage@value                              cstackBANK1  000BE
reset_vec                                      reset_vec    00000
sendMensage@index                              cstackBANK0  0004B
start                                          init         00025
start_initialization                           cinit        00027
strchr@c                                       cstackCOMMON 00074
strchr@s                                       cstackCOMMON 00072
strcspn@c                                      cstackBANK0  00020
strcspn@i                                      cstackBANK0  00024
strcspn@s                                      cstackBANK0  00026
strspn@c                                       cstackBANK0  00020
strspn@i                                       cstackBANK0  00024
strspn@s                                       cstackBANK0  00026
strtok@p                                       bssCOMMON    0007A
strtok@s                                       cstackCOMMON 00079
strtok@sep                                     cstackBANK0  00027
vfpfcnvrt@ap                                   cstackBANK0  00028
vfpfcnvrt@c                                    cstackBANK0  00034
vfpfcnvrt@convarg                              cstackBANK0  00030
vfpfcnvrt@cp                                   cstackBANK0  0002E
vfpfcnvrt@done                                 cstackBANK0  0002D
vfpfcnvrt@fmt                                  cstackBANK0  00027
vfpfcnvrt@fp                                   cstackBANK0  00025
vfprintf@ap                                    cstackBANK0  00039
vfprintf@cfmt                                  cstackBANK0  0003A
vfprintf@fmt                                   cstackBANK0  00037
vfprintf@fp                                    cstackBANK0  00035
wtemp0                                         (abs)        0007E


MODULE INFORMATION

Module		Function		Class		Link	Load	Size
C:\Program Files\Microchip\xc8\v2.45\pic\sources\c99\common\strspn.c
		_strspn        		CODE           	140B	0000	51

C:\Program Files\Microchip\xc8\v2.45\pic\sources\c99\common\strspn.c estimated size: 51

C:\Program Files\Microchip\xc8\v2.45\pic\sources\c99\common\Umul16.c
		___wmul        		CODE           	1333	0000	31

C:\Program Files\Microchip\xc8\v2.45\pic\sources\c99\common\Umul16.c estimated size: 31

C:\Program Files\Microchip\xc8\v2.45\pic\sources\c99\common\atoi.c
		_atoi          		CODE           	1788	0000	120

C:\Program Files\Microchip\xc8\v2.45\pic\sources\c99\common\atoi.c estimated size: 120

mcc_generated_files/pwm6.c
		_PWM6_LoadDutyValue		CODE           	1268	0000	22
		_PWM6_Initialize		CODE           	11DC	0000	13

mcc_generated_files/pwm6.c estimated size: 35

mcc_generated_files/tmr2.c
		_TMR2_Initialize		CODE           	11E9	0000	14

mcc_generated_files/tmr2.c estimated size: 14

mcc_generated_files/interrupt_manager.c
		_INTERRUPT_InterruptManager		CODE           	0004	0000	33

mcc_generated_files/interrupt_manager.c estimated size: 33

C:\Program Files\Microchip\xc8\v2.45\pic\sources\c99\common\Umul32.c
		___lmul        		CODE           	143E	0000	54

C:\Program Files\Microchip\xc8\v2.45\pic\sources\c99\common\Umul32.c estimated size: 54

mcc_generated_files/pin_manager.c
		_PIN_MANAGER_Initialize		CODE           	1592	0000	89
		_IOCCF2_SetInterruptHandler		CODE           	1193	0000	6
		_IOCCF1_DefaultInterruptHandler		CODE           	0800	0000	1
		_IOCCF1_ISR    		CODE           	11F7	0000	15
		_PIN_MANAGER_IOC		CODE           	1234	0000	17
		_IOCCF2_DefaultInterruptHandler		CODE           	0801	0000	1
		_IOCCF2_ISR    		CODE           	1206	0000	15
		_IOCCF1_SetInterruptHandler		CODE           	118D	0000	6

mcc_generated_files/pin_manager.c estimated size: 150

C:\Program Files\Microchip\xc8\v2.45\pic\sources\c99\common\strtok.c
		_strtok        		CODE           	0802	0000	76

C:\Program Files\Microchip\xc8\v2.45\pic\sources\c99\common\strtok.c estimated size: 76

C:\Program Files\Microchip\xc8\v2.45\pic\sources\c99\common\printf.c
		_printf        		CODE           	1224	0000	16

C:\Program Files\Microchip\xc8\v2.45\pic\sources\c99\common\printf.c estimated size: 16

C:\Program Files\Microchip\xc8\v2.45\pic\sources\c99\common\sprcmul.c
		___flmul       		CODE           	0DC5	0000	571

C:\Program Files\Microchip\xc8\v2.45\pic\sources\c99\common\sprcmul.c estimated size: 571

C:\Program Files\Microchip\xc8\v2.45\pic\sources\c99\common\sprcdiv.c
		___fldiv       		CODE           	0C1B	0000	426

C:\Program Files\Microchip\xc8\v2.45\pic\sources\c99\common\sprcdiv.c estimated size: 426

C:\Program Files\Microchip\xc8\v2.45\pic\sources\c99\common\awmod.c
		___awmod       		CODE           	153F	0000	83

C:\Program Files\Microchip\xc8\v2.45\pic\sources\c99\common\awmod.c estimated size: 83

C:\Program Files\Microchip\xc8\v2.45\pic\sources\c99\common\flge.c
		___flge        		CODE           	084E	0000	139

C:\Program Files\Microchip\xc8\v2.45\pic\sources\c99\common\flge.c estimated size: 139

shared
		__initialization		CODE           	0027	0000	72

shared estimated size: 72

C:\Program Files\Microchip\xc8\v2.45\pic\sources\c99\common\xxtofl.c
		___xxtofl      		CODE           	0965	0000	171

C:\Program Files\Microchip\xc8\v2.45\pic\sources\c99\common\xxtofl.c estimated size: 171

C:\Program Files\Microchip\xc8\v2.45\pic\sources\c99\common\abs.c
		_abs           		CODE           	1256	0000	18

C:\Program Files\Microchip\xc8\v2.45\pic\sources\c99\common\abs.c estimated size: 18

mcc_generated_files/mcc.c
		_PMD_Initialize		CODE           	11AB	0000	8
		_OSCILLATOR_Initialize		CODE           	11B3	0000	9
		_SYSTEM_Initialize		CODE           	12DE	0000	25

mcc_generated_files/mcc.c estimated size: 42

mcc_generated_files/tmr3.c
		_TMR3_Initialize		CODE           	1295	0000	23

mcc_generated_files/tmr3.c estimated size: 23

mcc_generated_files/tmr1.c
		_TMR1_Initialize		CODE           	1372	0000	32
		_TMR1_SetInterruptHandler		CODE           	1199	0000	6
		_TMR1_StopTimer		CODE           	116A	0000	3
		_TMR1_DefaultInterruptHandler		CODE           	07FF	0000	1
		_TMR1_WriteTimer		CODE           	1245	0000	17
		_TMR1_StartTimer		CODE           	116D	0000	3
		_TMR1_ISR      		CODE           	127E	0000	23

mcc_generated_files/tmr1.c estimated size: 85

C:\Program Files\Microchip\xc8\v2.45\pic\sources\c99\common\strchr.c
		_strchr        		CODE           	12F7	0000	30

C:\Program Files\Microchip\xc8\v2.45\pic\sources\c99\common\strchr.c estimated size: 30

C:\Program Files\Microchip\xc8\v2.45\pic\sources\c99\common\Umul8_16.c
		__Umul8_16     		CODE           	13B4	0000	36

C:\Program Files\Microchip\xc8\v2.45\pic\sources\c99\common\Umul8_16.c estimated size: 36

C:\Program Files\Microchip\xc8\v2.45\pic\sources\c99\common\sprcadd.c
		___flsub       		CODE           	1352	0000	32
		___fladd       		CODE           	05C9	0000	520

C:\Program Files\Microchip\xc8\v2.45\pic\sources\c99\common\sprcadd.c estimated size: 552

mcc_generated_files/eusart.c
		_putch         		CODE           	119F	0000	6
		_EUSART_Read   		CODE           	1215	0000	15
		_EUSART_Write  		CODE           	07F5	0000	10
		_EUSART_Initialize		CODE           	1392	0000	34
		_EUSART_SetFramingErrorHandler		CODE           	1181	0000	6
		_EUSART_SetErrorHandler		CODE           	117B	0000	6
		_EUSART_SetOverrunErrorHandler		CODE           	1187	0000	6
		_EUSART_is_rx_ready		CODE           	1170	0000	5

mcc_generated_files/eusart.c estimated size: 88

main.c
		_constrain     		CODE           	14AB	0000	69
		_getPosition   		CODE           	11BC	0000	10
		_main          		CODE           	14F0	0000	79
		_PID           		CODE           	0073	0000	1366
		_sendMensage   		CODE           	16AA	0000	109
		_ENCA_ISR      		CODE           	12AC	0000	25
		_ENCB_ISR      		CODE           	12C5	0000	25
		_moveMotor     		CODE           	07D1	0000	36
		_getVelocity   		CODE           	11C6	0000	10
		_TIMER_ISR     		CODE           	1175	0000	6
		_initialize    		CODE           	1474	0000	55
		_inicializaControle		CODE           	08D9	0000	140
		_readMensage   		CODE           	0B07	0000	276

main.c estimated size: 2206

C:\Program Files\Microchip\xc8\v2.45\pic\sources\c99\common\nf_fputc.c
		_fputc         		CODE           	15EB	0000	95

C:\Program Files\Microchip\xc8\v2.45\pic\sources\c99\common\nf_fputc.c estimated size: 95

C:\Program Files\Microchip\xc8\v2.45\pic\sources\c99\common\doprnt.c
		_vfpfcnvrt     		CODE           	0A10	0000	247
		_vfprintf      		CODE           	1315	0000	30

C:\Program Files\Microchip\xc8\v2.45\pic\sources\c99\common\doprnt.c estimated size: 277

C:\Program Files\Microchip\xc8\v2.45\pic\sources\c99\common\awdiv.c
		___awdiv       		CODE           	164A	0000	96

C:\Program Files\Microchip\xc8\v2.45\pic\sources\c99\common\awdiv.c estimated size: 96

C:\Program Files\Microchip\xc8\v2.45\pic\sources\c99\common\fltol.c
		___fltol       		CODE           	1717	0000	113

C:\Program Files\Microchip\xc8\v2.45\pic\sources\c99\common\fltol.c estimated size: 113

C:\Program Files\Microchip\xc8\v2.45\pic\sources\c99\common\strcspn.c
		_strcspn       		CODE           	13D8	0000	51

C:\Program Files\Microchip\xc8\v2.45\pic\sources\c99\common\strcspn.c estimated size: 51

