Microchip MPLAB XC8 Compiler V2.45

Linker command line:

-W-3 \
  --edf=C:\Program Files\Microchip\xc8\v2.45\pic\dat\20230818022343_en.msgs \
  -cn -h+dist/default/debug\teste18877.X.debug.sym \
  --cmf=dist/default/debug\teste18877.X.debug.cmf -z -Q16F18877 \
  -oC:\Users\Leonardo\AppData\Local\Temp\xcAs9lk.\driver_tmp_3.o \
  --defsym=__MPLAB_BUILD=1 --fixupoverflow=error \
  -Mdist/default/debug/teste18877.X.debug.map \
  --md=C:\Users\Leonardo\AppData\Local\Temp\xcAs9lk.\driver_tmp_0.dat -E1 \
  -ver=XC8 Compiler --acfsm=1493 -ACODE=00h-07FFhx16 -ASTRCODE=00h-07FFFh \
  -ASTRING=00h-0FFhx128 -ACONST=00h-0FFhx128 -AENTRY=00h-0FFhx128 \
  -ACOMMON=070h-07Fh -ABANK0=020h-06Fh -ABANK1=0A0h-0EFh \
  -ABANK2=0120h-016Fh -ABANK3=01A0h-01EFh -ABANK4=0220h-026Fh \
  -ABANK5=02A0h-02EFh -ABANK6=0320h-036Fh -ABANK7=03A0h-03EFh \
  -ABANK8=0420h-046Fh -ABANK9=04A0h-04EFh -ABANK10=0520h-056Fh \
  -ABANK11=05A0h-05EFh -ABANK12=0620h-066Fh -ABANK13=06A0h-06EFh \
  -ABANK14=0720h-076Fh -ABANK15=07A0h-07EFh -ABANK16=0820h-086Fh \
  -ABANK17=08A0h-08EFh -ABANK18=0920h-096Fh -ABANK19=09A0h-09EFh \
  -ABANK20=0A20h-0A6Fh -ABANK21=0AA0h-0AEFh -ABANK22=0B20h-0B6Fh \
  -ABANK23=0BA0h-0BEFh -ABANK24=0C20h-0C6Fh -ABANK25=0CA0h-0CEFh \
  -ABANK26=0D20h-0D6Fh -ABANK27=0DA0h-0DEFh -ABANK28=0E20h-0E6Fh \
  -ABANK29=0EA0h-0EEFh -ABANK30=0F20h-0F6Fh -ABANK31=0FA0h-0FEFh \
  -ABANK32=01020h-0106Fh -ABANK33=010A0h-010EFh -ABANK34=01120h-0116Fh \
  -ABANK35=011A0h-011EFh -ABANK36=01220h-0126Fh -ABANK37=012A0h-012EFh \
  -ABANK38=01320h-0136Fh -ABANK39=013A0h-013EFh -ABANK40=01420h-0146Fh \
  -ABANK41=014A0h-014EFh -ABANK42=01520h-0156Fh -ABANK43=015A0h-015EFh \
  -ABANK44=01620h-0166Fh -ABANK45=016A0h-016EFh -ABANK46=01720h-0176Fh \
  -ABANK47=017A0h-017EFh -ABANK48=01820h-0186Fh -ABANK49=018A0h-018EFh \
  -ABANK50=01920h-0196Fh -ABIGRAM=02000h-02FEFh \
  -ARAM=020h-06Fh,0A0h-0EFh,0120h-016Fh,01A0h-01EFh,0220h-026Fh,02A0h-02EFh,0320h-036Fh,03A0h-03EFh,0420h-046Fh,04A0h-04EFh,0520h-056Fh,05A0h-05EFh,0620h-066Fh,06A0h-06EFh,0720h-076Fh,07A0h-07EFh,0820h-086Fh,08A0h-08EFh,0920h-096Fh,09A0h-09EFh,0A20h-0A6Fh,0AA0h-0AEFh,0B20h-0B6Fh,0BA0h-0BEFh,0C20h-0C6Fh,0CA0h-0CEFh,0D20h-0D6Fh,0DA0h-0DEFh,0E20h-0E6Fh,0EA0h-0EEFh,0F20h-0F6Fh,0FA0h-0FEFh,01020h-0106Fh,010A0h-010EFh,01120h-0116Fh,011A0h-011EFh,01220h-0126Fh,012A0h-012EFh,01320h-0136Fh,013A0h-013EFh,01420h-0146Fh,014A0h-014EFh,01520h-0156Fh,015A0h-015EFh,01620h-0166Fh,016A0h-016EFh,01720h-0176Fh,017A0h-017EFh,01820h-0186Fh,018A0h-018EFh,01920h-0196Fh \
  -AABS1=020h-07Fh,0A0h-0EFh,0120h-016Fh,01A0h-01EFh,0220h-026Fh,02A0h-02EFh,0320h-036Fh,03A0h-03EFh,0420h-046Fh,04A0h-04EFh,0520h-056Fh,05A0h-05EFh,0620h-066Fh,06A0h-06EFh,0720h-076Fh,07A0h-07EFh,0820h-086Fh,08A0h-08EFh,0920h-096Fh,09A0h-09EFh,0A20h-0A6Fh,0AA0h-0AEFh,0B20h-0B6Fh,0BA0h-0BEFh,0C20h-0C6Fh,0CA0h-0CEFh,0D20h-0D6Fh,0DA0h-0DEFh,0E20h-0E6Fh,0EA0h-0EEFh,0F20h-0F6Fh,0FA0h-0FEFh,01020h-0106Fh,010A0h-010EFh,01120h-0116Fh,011A0h-011EFh,01220h-0126Fh,012A0h-012EFh,01320h-0136Fh,013A0h-013EFh,01420h-0146Fh,014A0h-014EFh,01520h-0156Fh,015A0h-015EFh,01620h-0166Fh,016A0h-016EFh,01720h-0176Fh,017A0h-017EFh,01820h-0186Fh,018A0h-018EFh,01920h-0196Fh \
  -ASFR0=00h-01Fh -ASFR1=080h-09Fh -ASFR2=0100h-011Fh -ASFR3=0180h-019Fh \
  -ASFR4=0200h-021Fh -ASFR5=0280h-029Fh -ASFR6=0300h-031Fh \
  -ASFR7=0380h-039Fh -ASFR8=0400h-041Fh -ASFR9=0480h-049Fh \
  -ASFR10=0500h-051Fh -ASFR11=0580h-059Fh -ASFR12=0600h-061Fh \
  -ASFR13=0680h-069Fh -ASFR14=0700h-071Fh -ASFR15=0780h-079Fh \
  -ASFR16=0800h-081Fh -ASFR17=0880h-089Fh -ASFR18=0900h-091Fh \
  -ASFR19=0980h-099Fh -ASFR20=0A00h-0A1Fh -ASFR21=0A80h-0A9Fh \
  -ASFR22=0B00h-0B1Fh -ASFR23=0B80h-0B9Fh -ASFR24=0C00h-0C1Fh \
  -ASFR25=0C80h-0C9Fh -ASFR26=0D00h-0D1Fh -ASFR27=0D80h-0D9Fh \
  -ASFR28=0E00h-0E1Fh -ASFR29=0E80h-0E9Fh -ASFR30=0F00h-0F1Fh \
  -ASFR31=0F80h-0F9Fh -ASFR32=01000h-0101Fh -ASFR33=01080h-0109Fh \
  -ASFR34=01100h-0111Fh -ASFR35=01180h-0119Fh -ASFR36=01200h-0121Fh \
  -ASFR37=01280h-0129Fh -ASFR38=01300h-0131Fh -ASFR39=01380h-0139Fh \
  -ASFR40=01400h-0141Fh -ASFR41=01480h-0149Fh -ASFR42=01500h-0151Fh \
  -ASFR43=01580h-0159Fh -ASFR44=01600h-0161Fh -ASFR45=01680h-0169Fh \
  -ASFR46=01700h-0171Fh -ASFR47=01780h-0179Fh -ASFR48=01800h-0181Fh \
  -ASFR49=01880h-0189Fh -ASFR50=01900h-0191Fh -ASFR51=01980h-019EFh \
  -ASFR52=01A00h-01A6Fh -ASFR53=01A80h-01AEFh -ASFR54=01B00h-01B6Fh \
  -ASFR55=01B80h-01BEFh -ASFR56=01C00h-01C6Fh -ASFR57=01C80h-01CEFh \
  -ASFR58=01D00h-01D6Fh -ASFR59=01D80h-01DEFh -ASFR60=01E00h-01E6Fh \
  -ASFR61=01E80h-01EEFh -ASFR62=01F00h-01F6Fh -ASFR63=01F80h-01FEFh \
  -ACONFIG=08007h-0800Bh -DCONFIG=2 -AIDLOC=08000h-08003h -DIDLOC=2 \
  -AEEDATA=00h-0FFh/0F000h -peeprom_data=EEDATA -DEEDATA=2 -DCODE=2 \
  -DSTRCODE=2 -DSTRING=2 -DCONST=2 -DENTRY=2 \
  -preset_vec=00h,intentry=04h,init,end_init -ppowerup=CODE -pcinit=CODE \
  -pfunctab=ENTRY -k \
  C:\Users\Leonardo\AppData\Local\Temp\xcAs9lk.\driver_tmp_20.o \
  dist/default/debug\teste18877.X.debug.o 

Object code version is 3.11

Machine type is 16F18877



                Name                               Link     Load   Length Selector   Space Scale
C:\Users\Leonardo\AppData\Local\Temp\xcAs9lk.\driver_tmp_20.o
                end_init                             25       25        2        8       0
                reset_vec                             0        0        3        0       0
                config                             8007     8007        5        0       4
dist/default/debug\teste18877.X.debug.o
                cinit                                27       27       4D        8       0
                intentry                              4        4       21        8       0
                config                             8007     8007        5        0       4
                text66                             1FB8     1FB8        1     3F70       0
                text65                             10F2     10F2       17     21E4       0
                text64                             1048     1048        F     2090       0
                text63                                3        3        1        0       0
                text62                             1109     1109       17     2212       0
                text61                             1057     1057        F     20AE       0
                text60                             1086     1086       11     210C       0
                text59                              A4A      A4A      1AA     1494       0
                text58                              800      800       AA     1000       0
                text57                              7FF      7FF        1        8       0
                text56                             1481     1481       5A     2902       0
                text55                             1097     1097       11     212E       0
                text54                             1120     1120       17     2240       0
                text52                              BF4      BF4      204     17E8       0
                text51                             11CE     11CE       24     239C       0
                text50                              456      456      23B        8       0
                text49                              DF8      DF8      208     1BF0       0
                text48                             12DE     12DE       36     25BC       0
                text47                             1607     1607       71     2C0E       0
                text46                             1242     1242       34     2484       0
                text45                              8AA      8AA       AB     1154       0
                text44                             1775     1775       8B     2EEA       0
                text43                             134C     134C       45     2698       0
                text42                             10A8     10A8       11     2150       0
                text41                             10B9     10B9       11     2172       0
                text40                             1137     1137       19     226E       0
                text39                             10CA     10CA       12     2194       0
                text38                             1217     1217       2B     242E       0
                text37                               74       74      3E2        8       0
                text36                             1FDC     1FDC        9     3FB8       0
                text35                             1FE5     1FE5        9     3FCA       0
                text34                             1FEE     1FEE        9     3FDC       0
                text33                             11F2     11F2       25     23E4       0
                text32                             1FF7     1FF7        9     3FEE       0
                text31                             1FC7     1FC7        6     3F8E       0
                text30                             1003     1003        9     2006       0
                text29                              7A5      7A5       5A        8       0
                text28                             1FD4     1FD4        8     3FA8       0
                text27                             102D     102D        D     205A       0
                text26                             100C     100C        9     2018       0
                text25                             11AD     11AD       21     235A       0
                text24                             103A     103A        E     2074       0
                text23                             10DC     10DC       16     21B8       0
                text22                             1FBB     1FBB        3     3F76       0
                text21                             1000     1000        3     1BF0       0
                text20                             16F6     16F6       7F     2DEC       0
                text19                             118D     118D       20     231A       0
                text18                             1314     1314       38     2628       0
                text17                             1066     1066       10     20CC       0
                text16                             1FC2     1FC2        5     3F84       0
                text15                             1678     1678       7E     2CF0       0
                text14                             116E     116E       1F     22DC       0
                text13                             1276     1276       34     24EC       0
                text12                             12AA     12AA       34     2554       0
                text11                             142B     142B       56     2856       0
                text10                              691      691      114        8       0
                text9                              153A     153A       60     2A74       0
                text8                              13D7     13D7       54     27AE       0
                text7                              1015     1015        C     202A       0
                text6                              1FCD     1FCD        7     3F9A       0
                text5                              14DB     14DB       5F     29B6       0
                text4                               955      955       F5     12AA       0
                text3                              1150     1150       1E     22A0       0
                text2                              1076     1076       10     20EC       0
                text1                              159A     159A       6D     2B34       0
                maintext                           1391     1391       46     2722       0
                cstackBANK0                          20       20       1E       20       1
                cstackCOMMON                         70       70        E       70       1
                cstackBANK1                          A0       A0       4C       A0       1
                cstackBANK2                         120      120       25      120       1
                cstackBANK4                         220      220       2F      220       1
                clrtext                            1021     1021        C     2042       0
                dataBANK3                           1EA      1EA        4      1A0       1
                bssBANK3                            1A0      1A0       40      1A0       1
                dataBANK2                           163      163        2      120       1
                bssBANK2                            145      145       1E      120       1
                bssBANK1                             EE       EE        2       A0       1
                bssBANK0                             3E       3E       1D       20       1
                stringtext3                        2008     2008        2     4000       0
                stringtext2                        2006     2006        2     4000       0
                stringtext1                        2000     2000        6     4000       0
                nvBANK3                             1E0      1E0        A      1A0       1
                nvBANK1                              EC       EC        2       A0       1
                idataBANK3                         1FBE     1FBE        4     3F7C       0
                idataBANK2                         1FB9     1FB9        2     3F72       0

TOTAL           Name                               Link     Load   Length     Space
        CLASS   CODE           
                end_init                             25       25        2         0
                cinit                                27       27       4D         0
                intentry                              4        4       21         0
                reset_vec                             0        0        3         0
                text66                             1FB8     1FB8        1         0
                text65                             10F2     10F2       17         0
                text64                             1048     1048        F         0
                text63                                3        3        1         0
                text62                             1109     1109       17         0
                text61                             1057     1057        F         0
                text60                             1086     1086       11         0
                text59                              A4A      A4A      1AA         0
                text58                              800      800       AA         0
                text57                              7FF      7FF        1         0
                text56                             1481     1481       5A         0
                text55                             1097     1097       11         0
                text54                             1120     1120       17         0
                text52                              BF4      BF4      204         0
                text51                             11CE     11CE       24         0
                text50                              456      456      23B         0
                text49                              DF8      DF8      208         0
                text48                             12DE     12DE       36         0
                text47                             1607     1607       71         0
                text46                             1242     1242       34         0
                text45                              8AA      8AA       AB         0
                text44                             1775     1775       8B         0
                text43                             134C     134C       45         0
                text42                             10A8     10A8       11         0
                text41                             10B9     10B9       11         0
                text40                             1137     1137       19         0
                text39                             10CA     10CA       12         0
                text38                             1217     1217       2B         0
                text37                               74       74      3E2         0
                text36                             1FDC     1FDC        9         0
                text35                             1FE5     1FE5        9         0
                text34                             1FEE     1FEE        9         0
                text33                             11F2     11F2       25         0
                text32                             1FF7     1FF7        9         0
                text31                             1FC7     1FC7        6         0
                text30                             1003     1003        9         0
                text29                              7A5      7A5       5A         0
                text28                             1FD4     1FD4        8         0
                text27                             102D     102D        D         0
                text26                             100C     100C        9         0
                text25                             11AD     11AD       21         0
                text24                             103A     103A        E         0
                text23                             10DC     10DC       16         0
                text22                             1FBB     1FBB        3         0
                text21                             1000     1000        3         0
                text20                             16F6     16F6       7F         0
                text19                             118D     118D       20         0
                text18                             1314     1314       38         0
                text17                             1066     1066       10         0
                text16                             1FC2     1FC2        5         0
                text15                             1678     1678       7E         0
                text14                             116E     116E       1F         0
                text13                             1276     1276       34         0
                text12                             12AA     12AA       34         0
                text11                             142B     142B       56         0
                text10                              691      691      114         0
                text9                              153A     153A       60         0
                text8                              13D7     13D7       54         0
                text7                              1015     1015        C         0
                text6                              1FCD     1FCD        7         0
                text5                              14DB     14DB       5F         0
                text4                               955      955       F5         0
                text3                              1150     1150       1E         0
                text2                              1076     1076       10         0
                text1                              159A     159A       6D         0
                maintext                           1391     1391       46         0
                clrtext                            1021     1021        C         0
                idataBANK3                         1FBE     1FBE        4         0
                idataBANK2                         1FB9     1FB9        2         0

        CLASS   STRCODE        
                stringtext3                        2008     2008        2         0
                stringtext2                        2006     2006        2         0
                stringtext1                        2000     2000        6         0

        CLASS   STRING         

        CLASS   CONST          

        CLASS   ENTRY          

        CLASS   COMMON         
                cstackCOMMON                         70       70        E         1

        CLASS   BANK0          
                cstackBANK0                          20       20       1E         1
                bssBANK0                             3E       3E       1D         1

        CLASS   BANK1          
                cstackBANK1                          A0       A0       4C         1
                bssBANK1                             EE       EE        2         1
                nvBANK1                              EC       EC        2         1

        CLASS   BANK2          
                cstackBANK2                         120      120       25         1
                dataBANK2                           163      163        2         1
                bssBANK2                            145      145       1E         1

        CLASS   BANK3          
                dataBANK3                           1EA      1EA        4         1
                bssBANK3                            1A0      1A0       40         1
                nvBANK3                             1E0      1E0        A         1

        CLASS   BANK4          
                cstackBANK4                         220      220       2F         1

        CLASS   BANK5          

        CLASS   BANK6          

        CLASS   BANK7          

        CLASS   BANK8          

        CLASS   BANK9          

        CLASS   BANK10         

        CLASS   BANK11         

        CLASS   BANK12         

        CLASS   BANK13         

        CLASS   BANK14         

        CLASS   BANK15         

        CLASS   BANK16         

        CLASS   BANK17         

        CLASS   BANK18         

        CLASS   BANK19         

        CLASS   BANK20         

        CLASS   BANK21         

        CLASS   BANK22         

        CLASS   BANK23         

        CLASS   BANK24         

        CLASS   BANK25         

        CLASS   BANK26         

        CLASS   BANK27         

        CLASS   BANK28         

        CLASS   BANK29         

        CLASS   BANK30         

        CLASS   BANK31         

        CLASS   BANK32         

        CLASS   BANK33         

        CLASS   BANK34         

        CLASS   BANK35         

        CLASS   BANK36         

        CLASS   BANK37         

        CLASS   BANK38         

        CLASS   BANK39         

        CLASS   BANK40         

        CLASS   BANK41         

        CLASS   BANK42         

        CLASS   BANK43         

        CLASS   BANK44         

        CLASS   BANK45         

        CLASS   BANK46         

        CLASS   BANK47         

        CLASS   BANK48         

        CLASS   BANK49         

        CLASS   BANK50         

        CLASS   BIGRAM         

        CLASS   RAM            

        CLASS   ABS1           
                abs_s1                               7E       7E        2         1
                abs_s1                             14A0     14A0       50         1
                abs_s1                             1520     1520       50         1
                abs_s1                             15A0     15A0       50         1
                abs_s1                             1620     1620       50         1
                abs_s1                             16A0     16A0       50         1
                abs_s1                             1720     1720       50         1
                abs_s1                             17A0     17A0       50         1
                abs_s1                             1820     1820       50         1
                abs_s1                             18A0     18A0       50         1
                abs_s1                             1920     1920       50         1
                abs_s1                             2CD0     2CD0        0         1
                abs_s1                             2E60     2E60        0         1

        CLASS   SFR0           

        CLASS   SFR1           

        CLASS   SFR2           

        CLASS   SFR3           

        CLASS   SFR4           

        CLASS   SFR5           

        CLASS   SFR6           

        CLASS   SFR7           

        CLASS   SFR8           

        CLASS   SFR9           

        CLASS   SFR10          

        CLASS   SFR11          

        CLASS   SFR12          

        CLASS   SFR13          

        CLASS   SFR14          

        CLASS   SFR15          

        CLASS   SFR16          

        CLASS   SFR17          

        CLASS   SFR18          

        CLASS   SFR19          

        CLASS   SFR20          

        CLASS   SFR21          

        CLASS   SFR22          

        CLASS   SFR23          

        CLASS   SFR24          

        CLASS   SFR25          

        CLASS   SFR26          

        CLASS   SFR27          

        CLASS   SFR28          

        CLASS   SFR29          

        CLASS   SFR30          

        CLASS   SFR31          

        CLASS   SFR32          

        CLASS   SFR33          

        CLASS   SFR34          

        CLASS   SFR35          

        CLASS   SFR36          

        CLASS   SFR37          

        CLASS   SFR38          

        CLASS   SFR39          

        CLASS   SFR40          

        CLASS   SFR41          

        CLASS   SFR42          

        CLASS   SFR43          

        CLASS   SFR44          

        CLASS   SFR45          

        CLASS   SFR46          

        CLASS   SFR47          

        CLASS   SFR48          

        CLASS   SFR49          

        CLASS   SFR50          

        CLASS   SFR51          

        CLASS   SFR52          

        CLASS   SFR53          

        CLASS   SFR54          

        CLASS   SFR55          

        CLASS   SFR56          

        CLASS   SFR57          

        CLASS   SFR58          

        CLASS   SFR59          

        CLASS   SFR60          

        CLASS   SFR61          

        CLASS   SFR62          

        CLASS   SFR63          

        CLASS   CONFIG         
                config                             8007     8007        5         4

        CLASS   IDLOC          

        CLASS   EEDATA         

        CLASS   BANK63         

        CLASS   BANK62         

        CLASS   BANK61         

        CLASS   BANK60         

        CLASS   BANK59         

        CLASS   BANK58         

        CLASS   BANK57         

        CLASS   BANK56         

        CLASS   BANK55         

        CLASS   BANK54         

        CLASS   BANK53         

        CLASS   BANK52         

        CLASS   BANK51         

        CLASS   HEAP           

        CLASS   STACK          



SEGMENTS        Name                           Load    Length   Top    Selector   Space  Class     Delta

                reset_vec                      000000  000004  000004         0       0  CODE        2
                intentry                       000004  0007FC  000800         8       0  CODE        2
                cstackBANK0                    000020  00003B  00005B        20       1  BANK0       1
                cstackCOMMON                   000070  00000E  00007E        70       1  COMMON      1
                cstackBANK1                    0000A0  000050  0000F0        A0       1  BANK1       1
                cstackBANK2                    000120  000045  000165       120       1  BANK2       1
                bssBANK3                       0001A0  00004E  0001EE       1A0       1  BANK3       1
                cstackBANK4                    000220  00002F  00024F       220       1  BANK4       1
                text58                         000800  0000AA  0008AA      1000       0  CODE        2
                text45                         0008AA  0000AB  000955      1154       0  CODE        2
                text4                          000955  0000F5  000A4A      12AA       0  CODE        2
                text59                         000A4A  0001AA  000BF4      1494       0  CODE        2
                text52                         000BF4  000204  000DF8      17E8       0  CODE        2
                text49                         000DF8  00020B  001003      1BF0       0  CODE        2
                text30                         001003  000009  00100C      2006       0  CODE        2
                text26                         00100C  000009  001015      2018       0  CODE        2
                text7                          001015  00000C  001021      202A       0  CODE        2
                clrtext                        001021  00000C  00102D      2042       0  CODE        2
                text27                         00102D  00000D  00103A      205A       0  CODE        2
                text24                         00103A  00000E  001048      2074       0  CODE        2
                text64                         001048  00000F  001057      2090       0  CODE        2
                text61                         001057  00000F  001066      20AE       0  CODE        2
                text17                         001066  000010  001076      20CC       0  CODE        2
                text2                          001076  000010  001086      20EC       0  CODE        2
                text60                         001086  000011  001097      210C       0  CODE        2
                text55                         001097  000011  0010A8      212E       0  CODE        2
                text42                         0010A8  000011  0010B9      2150       0  CODE        2
                text41                         0010B9  000011  0010CA      2172       0  CODE        2
                text39                         0010CA  000012  0010DC      2194       0  CODE        2
                text23                         0010DC  000016  0010F2      21B8       0  CODE        2
                text65                         0010F2  000017  001109      21E4       0  CODE        2
                text62                         001109  000017  001120      2212       0  CODE        2
                text54                         001120  000017  001137      2240       0  CODE        2
                text40                         001137  000019  001150      226E       0  CODE        2
                text3                          001150  00001E  00116E      22A0       0  CODE        2
                text14                         00116E  00001F  00118D      22DC       0  CODE        2
                text19                         00118D  000020  0011AD      231A       0  CODE        2
                text25                         0011AD  000021  0011CE      235A       0  CODE        2
                text51                         0011CE  000024  0011F2      239C       0  CODE        2
                text33                         0011F2  000025  001217      23E4       0  CODE        2
                text38                         001217  00002B  001242      242E       0  CODE        2
                text46                         001242  000034  001276      2484       0  CODE        2
                text13                         001276  000034  0012AA      24EC       0  CODE        2
                text12                         0012AA  000034  0012DE      2554       0  CODE        2
                text48                         0012DE  000036  001314      25BC       0  CODE        2
                text18                         001314  000038  00134C      2628       0  CODE        2
                text43                         00134C  000045  001391      2698       0  CODE        2
                maintext                       001391  000046  0013D7      2722       0  CODE        2
                text8                          0013D7  000054  00142B      27AE       0  CODE        2
                text11                         00142B  000056  001481      2856       0  CODE        2
                text56                         001481  00005A  0014DB      2902       0  CODE        2
                text5                          0014DB  00005F  00153A      29B6       0  CODE        2
                text9                          00153A  000060  00159A      2A74       0  CODE        2
                text1                          00159A  00006D  001607      2B34       0  CODE        2
                text47                         001607  000071  001678      2C0E       0  CODE        2
                text15                         001678  00007E  0016F6      2CF0       0  CODE        2
                text20                         0016F6  00007F  001775      2DEC       0  CODE        2
                text44                         001775  00008B  001800      2EEA       0  CODE        2
                text66                         001FB8  000001  001FB9      3F70       0  CODE        2
                idataBANK2                     001FB9  000002  001FBB      3F72       0  CODE        2
                text22                         001FBB  000003  001FBE      3F76       0  CODE        2
                idataBANK3                     001FBE  000004  001FC2      3F7C       0  CODE        2
                text16                         001FC2  000005  001FC7      3F84       0  CODE        2
                text31                         001FC7  000006  001FCD      3F8E       0  CODE        2
                text6                          001FCD  000007  001FD4      3F9A       0  CODE        2
                text28                         001FD4  000008  001FDC      3FA8       0  CODE        2
                text36                         001FDC  000009  001FE5      3FB8       0  CODE        2
                text35                         001FE5  000009  001FEE      3FCA       0  CODE        2
                text34                         001FEE  000009  001FF7      3FDC       0  CODE        2
                text32                         001FF7  000009  002000      3FEE       0  CODE        2
                stringtext1                    002000  00000A  00200A      4000       0  STRCODE     2


UNUSED ADDRESS RANGES

        Name                Unused          Largest block    Delta
        BANK0            0005B-0006F              15           1
        BANK10           00520-0056F              50           1
        BANK11           005A0-005EF              50           1
        BANK12           00620-0066F              50           1
        BANK13           006A0-006EF              50           1
        BANK14           00720-0076F              50           1
        BANK15           007A0-007EF              50           1
        BANK16           00820-0086F              50           1
        BANK17           008A0-008EF              50           1
        BANK18           00920-0096F              50           1
        BANK19           009A0-009EF              50           1
        BANK2            00165-0016F               B           1
        BANK20           00A20-00A6F              50           1
        BANK21           00AA0-00AEF              50           1
        BANK22           00B20-00B6F              50           1
        BANK23           00BA0-00BEF              50           1
        BANK24           00C20-00C6F              50           1
        BANK25           00CA0-00CEF              50           1
        BANK26           00D20-00D6F              50           1
        BANK27           00DA0-00DEF              50           1
        BANK28           00E20-00E6F              50           1
        BANK29           00EA0-00EEF              50           1
        BANK3            001EE-001EF               2           1
        BANK30           00F20-00F6F              50           1
        BANK31           00FA0-00FEF              50           1
        BANK32           01020-0106F              50           1
        BANK33           010A0-010EF              50           1
        BANK34           01120-0116F              50           1
        BANK35           011A0-011EF              50           1
        BANK36           01220-0126F              50           1
        BANK37           012A0-012EF              50           1
        BANK38           01320-0136F              50           1
        BANK39           013A0-013EF              50           1
        BANK4            0024F-0026F              21           1
        BANK40           01420-0146F              50           1
        BANK5            002A0-002EF              50           1
        BANK6            00320-0036F              50           1
        BANK7            003A0-003EF              50           1
        BANK8            00420-0046F              50           1
        BANK9            004A0-004EF              50           1
        BIGRAM           02000-02FEF             FF0           1
        CODE             01800-01FB7             7B8           2
                         0200A-07FFF             800
        CONST            01800-01FB7             100           2
                         0200A-07FFF             100
        EEDATA           0F000-0F0FF             100           2
        ENTRY            01800-01FB7             100           2
                         0200A-07FFF             100
        IDLOC            08000-08003               4           2
        RAM              0005B-0006F              15           1
                         00165-0016F               B
                         001EE-001EF               2
                         0024F-0026F              21
                         002A0-002EF              50
                         00320-0036F              50
                         003A0-003EF              50
                         00420-0046F              50
                         004A0-004EF              50
                         00520-0056F              50
                         005A0-005EF              50
                         00620-0066F              50
                         006A0-006EF              50
                         00720-0076F              50
                         007A0-007EF              50
                         00820-0086F              50
                         008A0-008EF              50
                         00920-0096F              50
                         009A0-009EF              50
                         00A20-00A6F              50
                         00AA0-00AEF              50
                         00B20-00B6F              50
                         00BA0-00BEF              50
                         00C20-00C6F              50
                         00CA0-00CEF              50
                         00D20-00D6F              50
                         00DA0-00DEF              50
                         00E20-00E6F              50
                         00EA0-00EEF              50
                         00F20-00F6F              50
                         00FA0-00FEF              50
                         01020-0106F              50
                         010A0-010EF              50
                         01120-0116F              50
                         011A0-011EF              50
                         01220-0126F              50
                         012A0-012EF              50
                         01320-0136F              50
                         013A0-013EF              50
                         01420-0146F              50
        SFR0             00000-0001F              20           1
        SFR1             00080-0009F              20           1
        SFR10            00500-0051F              20           1
        SFR11            00580-0059F              20           1
        SFR12            00600-0061F              20           1
        SFR13            00680-0069F              20           1
        SFR14            00700-0071F              20           1
        SFR15            00780-0079F              20           1
        SFR16            00800-0081F              20           1
        SFR17            00880-0089F              20           1
        SFR18            00900-0091F              20           1
        SFR19            00980-0099F              20           1
        SFR2             00100-0011F              20           1
        SFR20            00A00-00A1F              20           1
        SFR21            00A80-00A9F              20           1
        SFR22            00B00-00B1F              20           1
        SFR23            00B80-00B9F              20           1
        SFR24            00C00-00C1F              20           1
        SFR25            00C80-00C9F              20           1
        SFR26            00D00-00D1F              20           1
        SFR27            00D80-00D9F              20           1
        SFR28            00E00-00E1F              20           1
        SFR29            00E80-00E9F              20           1
        SFR3             00180-0019F              20           1
        SFR30            00F00-00F1F              20           1
        SFR31            00F80-00F9F              20           1
        SFR32            01000-0101F              20           1
        SFR33            01080-0109F              20           1
        SFR34            01100-0111F              20           1
        SFR35            01180-0119F              20           1
        SFR36            01200-0121F              20           1
        SFR37            01280-0129F              20           1
        SFR38            01300-0131F              20           1
        SFR39            01380-0139F              20           1
        SFR4             00200-0021F              20           1
        SFR40            01400-0141F              20           1
        SFR41            01480-0149F              20           1
        SFR42            01500-0151F              20           1
        SFR43            01580-0159F              20           1
        SFR44            01600-0161F              20           1
        SFR45            01680-0169F              20           1
        SFR46            01700-0171F              20           1
        SFR47            01780-0179F              20           1
        SFR48            01800-0181F              20           1
        SFR49            01880-0189F              20           1
        SFR5             00280-0029F              20           1
        SFR50            01900-0191F              20           1
        SFR51            01980-019EF              70           1
        SFR52            01A00-01A6F              70           1
        SFR53            01A80-01AEF              70           1
        SFR54            01B00-01B6F              70           1
        SFR55            01B80-01BEF              70           1
        SFR56            01C00-01C6F              70           1
        SFR57            01C80-01CEF              70           1
        SFR58            01D00-01D6F              70           1
        SFR59            01D80-01DEF              70           1
        SFR6             00300-0031F              20           1
        SFR60            01E00-01E6F              70           1
        SFR61            01E80-01EEF              70           1
        SFR62            01F00-01F6F              70           1
        SFR63            01F80-01FEF              70           1
        SFR7             00380-0039F              20           1
        SFR8             00400-0041F              20           1
        SFR9             00480-0049F              20           1
        STRCODE          01800-01FB7             7B8           2
                         0200A-07FFF            5FF6
        STRING           01800-01FB7             100           2
                         0200A-07FFF             100

                                  Symbol Table

?__Umul8_16                                    cstackBANK1  000A0
?___awdiv                                      cstackBANK1  000A0
?___awmod                                      cstackBANK1  000A0
?___fladd                                      cstackBANK1  000D4
?___fldiv                                      cstackBANK1  000D4
?___flmul                                      cstackBANK1  000BA
?___flsub                                      cstackBANK2  0012D
?___fltol                                      cstackBANK1  000E1
?___lmul                                       cstackBANK1  000A0
?___wmul                                       cstackBANK1  000A0
?___xxtofl                                     cstackBANK1  000AC
?_abs                                          cstackBANK1  000A7
?_atoi                                         cstackBANK1  000A6
?_constrain                                    cstackBANK1  000AC
?_getPosition                                  cstackBANK1  000A0
?_getVelocity                                  cstackBANK1  000A0
?_printf                                       cstackBANK1  000C3
?_strchr                                       cstackBANK1  000A0
?_strcspn                                      cstackBANK1  000A7
?_strspn                                       cstackBANK1  000A7
?_vfprintf                                     cstackBANK1  000BB
?i1___fldiv                                    cstackBANK0  00020
?i1___xxtofl                                   cstackCOMMON 00070
EUSART_SetErrorHandler@interruptHandler        cstackBANK1  000A0
EUSART_SetFramingErrorHandler@interruptHandler cstackBANK1  000A0
EUSART_SetOverrunErrorHandler@interruptHandler cstackBANK1  000A0
EUSART_Write@txData                            cstackBANK1  000A0
IOCCF1_SetInterruptHandler@InterruptHandler    cstackBANK1  000A0
IOCCF2_SetInterruptHandler@InterruptHandler    cstackBANK1  000A0
PWM6_LoadDutyValue@dutyValue                   cstackBANK1  000AB
TMR1_SetInterruptHandler@InterruptHandler      cstackBANK1  000A0
TMR1_WriteTimer@timerVal                       cstackCOMMON 00070
_ANSELA                                        (abs)        01F38
_ANSELB                                        (abs)        01F43
_ANSELC                                        (abs)        01F4E
_ANSELD                                        (abs)        01F59
_ANSELE                                        (abs)        01F64
_BAUD1CON                                      (abs)        0011F
_CCPTMRS1bits                                  (abs)        0021F
_Data                                          (abs)        02E60
_ENCA_ISR                                      text65       010F2
_ENCB_ISR                                      text62       01109
_EUSART_DefaultErrorHandler                    (abs)        00000
_EUSART_DefaultFramingErrorHandler             (abs)        00000
_EUSART_DefaultOverrunErrorHandler             (abs)        00000
_EUSART_ErrorHandler                           nvBANK3      001E4
_EUSART_FramingErrorHandler                    nvBANK3      001E8
_EUSART_Initialize                             text33       011F2
_EUSART_OverrunErrorHandler                    nvBANK3      001E6
_EUSART_Read                                   text17       01066
_EUSART_SetErrorHandler                        text36       01FDC
_EUSART_SetFramingErrorHandler                 text35       01FE5
_EUSART_SetOverrunErrorHandler                 text34       01FEE
_EUSART_Write                                  text7        01015
_EUSART_is_rx_ready                            text16       01FC2
_INLVLA                                        (abs)        01F3C
_INLVLB                                        (abs)        01F47
_INLVLC                                        (abs)        01F52
_INLVLD                                        (abs)        01F5D
_INLVLE                                        (abs)        01F68
_INTCONbits                                    (abs)        0000B
_INTERRUPT_InterruptManager                    intentry     00004
_IOCCF1_DefaultInterruptHandler                text66       01FB8
_IOCCF1_ISR                                    text64       01048
_IOCCF1_InterruptHandler                       nvBANK1      000EC
_IOCCF1_SetInterruptHandler                    text31       01FC7
_IOCCF2_DefaultInterruptHandler                text63       00003
_IOCCF2_ISR                                    text61       01057
_IOCCF2_InterruptHandler                       nvBANK3      001E2
_IOCCF2_SetInterruptHandler                    text30       01003
_IOCCFbits                                     (abs)        01F55
_IOCCNbits                                     (abs)        01F54
_IOCCPbits                                     (abs)        01F53
_LATA                                          (abs)        00016
_LATB                                          (abs)        00017
_LATC                                          (abs)        00018
_LATCbits                                      (abs)        00018
_LATD                                          (abs)        00019
_LATDbits                                      (abs)        00019
_LATE                                          (abs)        0001A
_ODCONA                                        (abs)        01F3A
_ODCONB                                        (abs)        01F45
_ODCONC                                        (abs)        01F50
_ODCOND                                        (abs)        01F5B
_ODCONE                                        (abs)        01F66
_OSCCON1                                       (abs)        0088D
_OSCCON3                                       (abs)        0088F
_OSCEN                                         (abs)        00891
_OSCFRQ                                        (abs)        00893
_OSCILLATOR_Initialize                         text32       01FF7
_OSCTUNE                                       (abs)        00892
_PID                                           text37       00074
_PID$2060                                      cstackBANK2  00141
_PID$2061                                      cstackBANK2  00139
_PID$2062                                      cstackBANK2  0013D
_PIE0bits                                      (abs)        00716
_PIE4bits                                      (abs)        0071A
_PIN_MANAGER_IOC                               text60       01086
_PIN_MANAGER_Initialize                        text29       007A5
_PIR0bits                                      (abs)        0070C
_PIR3bits                                      (abs)        0070F
_PIR4bits                                      (abs)        00710
_PMD0                                          (abs)        00796
_PMD1                                          (abs)        00797
_PMD2                                          (abs)        00798
_PMD3                                          (abs)        00799
_PMD4                                          (abs)        0079A
_PMD5                                          (abs)        0079B
_PMD_Initialize                                text28       01FD4
_PORTCbits                                     (abs)        0000E
_PR2                                           (abs)        0028D
_PWM6CON                                       (abs)        0038E
_PWM6DCH                                       (abs)        0038D
_PWM6DCL                                       (abs)        0038C
_PWM6_Initialize                               text27       0102D
_PWM6_LoadDutyValue                            text40       01137
_RC1REG                                        (abs)        00119
_RC1STA                                        (abs)        0011D
_RC1STAbits                                    (abs)        0011D
_RC4PPS                                        (abs)        01F24
_RD1PPS                                        (abs)        01F29
_RXPPS                                         (abs)        01ECB
_SLRCONA                                       (abs)        01F3B
_SLRCONB                                       (abs)        01F46
_SLRCONC                                       (abs)        01F51
_SLRCOND                                       (abs)        01F5C
_SLRCONE                                       (abs)        01F67
_SP1BRGH                                       (abs)        0011C
_SP1BRGL                                       (abs)        0011B
_SYSTEM_Initialize                             text23       010DC
_T1CLK                                         (abs)        00211
_T1CON                                         (abs)        0020E
_T1CONbits                                     (abs)        0020E
_T1GATE                                        (abs)        00210
_T1GCON                                        (abs)        0020F
_T1GCONbits                                    (abs)        0020F
_T2CLKCON                                      (abs)        00290
_T2CON                                         (abs)        0028E
_T2CONbits                                     (abs)        0028E
_T2HLT                                         (abs)        0028F
_T2HLTbits                                     (abs)        0028F
_T2PR                                          (abs)        0028D
_T2RST                                         (abs)        00291
_T2RSTbits                                     (abs)        00291
_T2TMR                                         (abs)        0028C
_TIMER_ISR                                     text56       01481
_TMR1H                                         (abs)        0020D
_TMR1L                                         (abs)        0020C
_TMR1_DefaultInterruptHandler                  text57       007FF
_TMR1_ISR                                      text54       01120
_TMR1_Initialize                               text25       011AD
_TMR1_InterruptHandler                         nvBANK3      001E0
_TMR1_SetInterruptHandler                      text26       0100C
_TMR1_StartTimer                               text21       01000
_TMR1_StopTimer                                text22       01FBB
_TMR1_WriteTimer                               text55       01097
_TMR2                                          (abs)        0028C
_TMR2_Initialize                               text24       0103A
_TRISA                                         (abs)        00011
_TRISB                                         (abs)        00012
_TRISC                                         (abs)        00013
_TRISD                                         (abs)        00014
_TRISE                                         (abs)        00015
_TX1REG                                        (abs)        0011A
_TX1STA                                        (abs)        0011E
_TX1STAbits                                    (abs)        0011E
_Time                                          (abs)        02CD0
_WPUA                                          (abs)        01F39
_WPUB                                          (abs)        01F44
_WPUC                                          (abs)        01F4F
_WPUD                                          (abs)        01F5A
_WPUE                                          (abs)        01F65
__H__absolute__                                __absolute__ 00000
__Habs1                                        abs1         00000
__Hbank0                                       bank0        00000
__Hbank1                                       bank1        00000
__Hbank10                                      bank10       00000
__Hbank11                                      bank11       00000
__Hbank12                                      bank12       00000
__Hbank13                                      bank13       00000
__Hbank14                                      bank14       00000
__Hbank15                                      bank15       00000
__Hbank16                                      bank16       00000
__Hbank17                                      bank17       00000
__Hbank18                                      bank18       00000
__Hbank19                                      bank19       00000
__Hbank2                                       bank2        00000
__Hbank20                                      bank20       00000
__Hbank21                                      bank21       00000
__Hbank22                                      bank22       00000
__Hbank23                                      bank23       00000
__Hbank24                                      bank24       00000
__Hbank25                                      bank25       00000
__Hbank26                                      bank26       00000
__Hbank27                                      bank27       00000
__Hbank28                                      bank28       00000
__Hbank29                                      bank29       00000
__Hbank3                                       bank3        00000
__Hbank30                                      bank30       00000
__Hbank31                                      bank31       00000
__Hbank32                                      bank32       00000
__Hbank33                                      bank33       00000
__Hbank34                                      bank34       00000
__Hbank35                                      bank35       00000
__Hbank36                                      bank36       00000
__Hbank37                                      bank37       00000
__Hbank38                                      bank38       00000
__Hbank39                                      bank39       00000
__Hbank4                                       bank4        00000
__Hbank40                                      bank40       00000
__Hbank41                                      bank41       00000
__Hbank42                                      bank42       00000
__Hbank43                                      bank43       00000
__Hbank44                                      bank44       00000
__Hbank45                                      bank45       00000
__Hbank46                                      bank46       00000
__Hbank47                                      bank47       00000
__Hbank48                                      bank48       00000
__Hbank49                                      bank49       00000
__Hbank5                                       bank5        00000
__Hbank50                                      bank50       00000
__Hbank51                                      bank51       00000
__Hbank52                                      bank52       00000
__Hbank53                                      bank53       00000
__Hbank54                                      bank54       00000
__Hbank55                                      bank55       00000
__Hbank56                                      bank56       00000
__Hbank57                                      bank57       00000
__Hbank58                                      bank58       00000
__Hbank59                                      bank59       00000
__Hbank6                                       bank6        00000
__Hbank60                                      bank60       00000
__Hbank61                                      bank61       00000
__Hbank62                                      bank62       00000
__Hbank63                                      bank63       00000
__Hbank7                                       bank7        00000
__Hbank8                                       bank8        00000
__Hbank9                                       bank9        00000
__Hbigram                                      bigram       00000
__HbssBANK0                                    bssBANK0     00000
__HbssBANK1                                    bssBANK1     00000
__HbssBANK2                                    bssBANK2     00000
__HbssBANK3                                    bssBANK3     00000
__Hcinit                                       cinit        00074
__Hclrtext                                     clrtext      00000
__Hcode                                        code         00000
__Hcommon                                      common       00000
__Hconfig                                      config       0800C
__HcstackBANK0                                 cstackBANK0  00000
__HcstackBANK1                                 cstackBANK1  00000
__HcstackBANK2                                 cstackBANK2  00000
__HcstackBANK4                                 cstackBANK4  00000
__HcstackCOMMON                                cstackCOMMON 00000
__HdataBANK2                                   dataBANK2    00000
__HdataBANK3                                   dataBANK3    00000
__Heeprom_data                                 eeprom_data  00000
__Hend_init                                    end_init     00027
__Hfunctab                                     functab      00000
__Hheap                                        heap         00000
__HidataBANK2                                  idataBANK2   00000
__HidataBANK3                                  idataBANK3   00000
__Hinit                                        init         00025
__Hintentry                                    intentry     00025
__Hmaintext                                    maintext     00000
__HnvBANK1                                     nvBANK1      00000
__HnvBANK3                                     nvBANK3      00000
__Hpowerup                                     powerup      00000
__Hram                                         ram          00000
__Hreset_vec                                   reset_vec    00003
__Hsfr0                                        sfr0         00000
__Hsfr1                                        sfr1         00000
__Hsfr10                                       sfr10        00000
__Hsfr11                                       sfr11        00000
__Hsfr12                                       sfr12        00000
__Hsfr13                                       sfr13        00000
__Hsfr14                                       sfr14        00000
__Hsfr15                                       sfr15        00000
__Hsfr16                                       sfr16        00000
__Hsfr17                                       sfr17        00000
__Hsfr18                                       sfr18        00000
__Hsfr19                                       sfr19        00000
__Hsfr2                                        sfr2         00000
__Hsfr20                                       sfr20        00000
__Hsfr21                                       sfr21        00000
__Hsfr22                                       sfr22        00000
__Hsfr23                                       sfr23        00000
__Hsfr24                                       sfr24        00000
__Hsfr25                                       sfr25        00000
__Hsfr26                                       sfr26        00000
__Hsfr27                                       sfr27        00000
__Hsfr28                                       sfr28        00000
__Hsfr29                                       sfr29        00000
__Hsfr3                                        sfr3         00000
__Hsfr30                                       sfr30        00000
__Hsfr31                                       sfr31        00000
__Hsfr32                                       sfr32        00000
__Hsfr33                                       sfr33        00000
__Hsfr34                                       sfr34        00000
__Hsfr35                                       sfr35        00000
__Hsfr36                                       sfr36        00000
__Hsfr37                                       sfr37        00000
__Hsfr38                                       sfr38        00000
__Hsfr39                                       sfr39        00000
__Hsfr4                                        sfr4         00000
__Hsfr40                                       sfr40        00000
__Hsfr41                                       sfr41        00000
__Hsfr42                                       sfr42        00000
__Hsfr43                                       sfr43        00000
__Hsfr44                                       sfr44        00000
__Hsfr45                                       sfr45        00000
__Hsfr46                                       sfr46        00000
__Hsfr47                                       sfr47        00000
__Hsfr48                                       sfr48        00000
__Hsfr49                                       sfr49        00000
__Hsfr5                                        sfr5         00000
__Hsfr50                                       sfr50        00000
__Hsfr51                                       sfr51        00000
__Hsfr52                                       sfr52        00000
__Hsfr53                                       sfr53        00000
__Hsfr54                                       sfr54        00000
__Hsfr55                                       sfr55        00000
__Hsfr56                                       sfr56        00000
__Hsfr57                                       sfr57        00000
__Hsfr58                                       sfr58        00000
__Hsfr59                                       sfr59        00000
__Hsfr6                                        sfr6         00000
__Hsfr60                                       sfr60        00000
__Hsfr61                                       sfr61        00000
__Hsfr62                                       sfr62        00000
__Hsfr63                                       sfr63        00000
__Hsfr7                                        sfr7         00000
__Hsfr8                                        sfr8         00000
__Hsfr9                                        sfr9         00000
__Hspace_0                                     (abs)        0200A
__Hspace_1                                     (abs)        0024F
__Hspace_2                                     (abs)        00000
__Hspace_3                                     (abs)        00000
__Hspace_4                                     (abs)        10013
__Hstack                                       stack        00000
__Hstrings                                     strings      00000
__Hstringtext1                                 stringtext1  00000
__Hstringtext2                                 stringtext2  00000
__Hstringtext3                                 stringtext3  00000
__Hstringtext4                                 stringtext4  00000
__Htext                                        text         00000
__L__absolute__                                __absolute__ 00000
__Labs1                                        abs1         00000
__Lbank0                                       bank0        00000
__Lbank1                                       bank1        00000
__Lbank10                                      bank10       00000
__Lbank11                                      bank11       00000
__Lbank12                                      bank12       00000
__Lbank13                                      bank13       00000
__Lbank14                                      bank14       00000
__Lbank15                                      bank15       00000
__Lbank16                                      bank16       00000
__Lbank17                                      bank17       00000
__Lbank18                                      bank18       00000
__Lbank19                                      bank19       00000
__Lbank2                                       bank2        00000
__Lbank20                                      bank20       00000
__Lbank21                                      bank21       00000
__Lbank22                                      bank22       00000
__Lbank23                                      bank23       00000
__Lbank24                                      bank24       00000
__Lbank25                                      bank25       00000
__Lbank26                                      bank26       00000
__Lbank27                                      bank27       00000
__Lbank28                                      bank28       00000
__Lbank29                                      bank29       00000
__Lbank3                                       bank3        00000
__Lbank30                                      bank30       00000
__Lbank31                                      bank31       00000
__Lbank32                                      bank32       00000
__Lbank33                                      bank33       00000
__Lbank34                                      bank34       00000
__Lbank35                                      bank35       00000
__Lbank36                                      bank36       00000
__Lbank37                                      bank37       00000
__Lbank38                                      bank38       00000
__Lbank39                                      bank39       00000
__Lbank4                                       bank4        00000
__Lbank40                                      bank40       00000
__Lbank41                                      bank41       00000
__Lbank42                                      bank42       00000
__Lbank43                                      bank43       00000
__Lbank44                                      bank44       00000
__Lbank45                                      bank45       00000
__Lbank46                                      bank46       00000
__Lbank47                                      bank47       00000
__Lbank48                                      bank48       00000
__Lbank49                                      bank49       00000
__Lbank5                                       bank5        00000
__Lbank50                                      bank50       00000
__Lbank51                                      bank51       00000
__Lbank52                                      bank52       00000
__Lbank53                                      bank53       00000
__Lbank54                                      bank54       00000
__Lbank55                                      bank55       00000
__Lbank56                                      bank56       00000
__Lbank57                                      bank57       00000
__Lbank58                                      bank58       00000
__Lbank59                                      bank59       00000
__Lbank6                                       bank6        00000
__Lbank60                                      bank60       00000
__Lbank61                                      bank61       00000
__Lbank62                                      bank62       00000
__Lbank63                                      bank63       00000
__Lbank7                                       bank7        00000
__Lbank8                                       bank8        00000
__Lbank9                                       bank9        00000
__Lbigram                                      bigram       00000
__LbssBANK0                                    bssBANK0     00000
__LbssBANK1                                    bssBANK1     00000
__LbssBANK2                                    bssBANK2     00000
__LbssBANK3                                    bssBANK3     00000
__Lcinit                                       cinit        00027
__Lclrtext                                     clrtext      00000
__Lcode                                        code         00000
__Lcommon                                      common       00000
__Lconfig                                      config       00000
__LcstackBANK0                                 cstackBANK0  00000
__LcstackBANK1                                 cstackBANK1  00000
__LcstackBANK2                                 cstackBANK2  00000
__LcstackBANK4                                 cstackBANK4  00000
__LcstackCOMMON                                cstackCOMMON 00000
__LdataBANK2                                   dataBANK2    00000
__LdataBANK3                                   dataBANK3    00000
__Leeprom_data                                 eeprom_data  00000
__Lend_init                                    end_init     00025
__Lfunctab                                     functab      00000
__Lheap                                        heap         00000
__LidataBANK2                                  idataBANK2   00000
__LidataBANK3                                  idataBANK3   00000
__Linit                                        init         00025
__Lintentry                                    intentry     00004
__Lmaintext                                    maintext     00000
__LnvBANK1                                     nvBANK1      00000
__LnvBANK3                                     nvBANK3      00000
__Lpowerup                                     powerup      00000
__Lram                                         ram          00000
__Lreset_vec                                   reset_vec    00000
__Lsfr0                                        sfr0         00000
__Lsfr1                                        sfr1         00000
__Lsfr10                                       sfr10        00000
__Lsfr11                                       sfr11        00000
__Lsfr12                                       sfr12        00000
__Lsfr13                                       sfr13        00000
__Lsfr14                                       sfr14        00000
__Lsfr15                                       sfr15        00000
__Lsfr16                                       sfr16        00000
__Lsfr17                                       sfr17        00000
__Lsfr18                                       sfr18        00000
__Lsfr19                                       sfr19        00000
__Lsfr2                                        sfr2         00000
__Lsfr20                                       sfr20        00000
__Lsfr21                                       sfr21        00000
__Lsfr22                                       sfr22        00000
__Lsfr23                                       sfr23        00000
__Lsfr24                                       sfr24        00000
__Lsfr25                                       sfr25        00000
__Lsfr26                                       sfr26        00000
__Lsfr27                                       sfr27        00000
__Lsfr28                                       sfr28        00000
__Lsfr29                                       sfr29        00000
__Lsfr3                                        sfr3         00000
__Lsfr30                                       sfr30        00000
__Lsfr31                                       sfr31        00000
__Lsfr32                                       sfr32        00000
__Lsfr33                                       sfr33        00000
__Lsfr34                                       sfr34        00000
__Lsfr35                                       sfr35        00000
__Lsfr36                                       sfr36        00000
__Lsfr37                                       sfr37        00000
__Lsfr38                                       sfr38        00000
__Lsfr39                                       sfr39        00000
__Lsfr4                                        sfr4         00000
__Lsfr40                                       sfr40        00000
__Lsfr41                                       sfr41        00000
__Lsfr42                                       sfr42        00000
__Lsfr43                                       sfr43        00000
__Lsfr44                                       sfr44        00000
__Lsfr45                                       sfr45        00000
__Lsfr46                                       sfr46        00000
__Lsfr47                                       sfr47        00000
__Lsfr48                                       sfr48        00000
__Lsfr49                                       sfr49        00000
__Lsfr5                                        sfr5         00000
__Lsfr50                                       sfr50        00000
__Lsfr51                                       sfr51        00000
__Lsfr52                                       sfr52        00000
__Lsfr53                                       sfr53        00000
__Lsfr54                                       sfr54        00000
__Lsfr55                                       sfr55        00000
__Lsfr56                                       sfr56        00000
__Lsfr57                                       sfr57        00000
__Lsfr58                                       sfr58        00000
__Lsfr59                                       sfr59        00000
__Lsfr6                                        sfr6         00000
__Lsfr60                                       sfr60        00000
__Lsfr61                                       sfr61        00000
__Lsfr62                                       sfr62        00000
__Lsfr63                                       sfr63        00000
__Lsfr7                                        sfr7         00000
__Lsfr8                                        sfr8         00000
__Lsfr9                                        sfr9         00000
__Lspace_0                                     (abs)        00000
__Lspace_1                                     (abs)        00000
__Lspace_2                                     (abs)        00000
__Lspace_3                                     (abs)        00000
__Lspace_4                                     (abs)        00000
__Lstack                                       stack        00000
__Lstrings                                     strings      00000
__Lstringtext1                                 stringtext1  00000
__Lstringtext2                                 stringtext2  00000
__Lstringtext3                                 stringtext3  00000
__Lstringtext4                                 stringtext4  00000
__Ltext                                        text         00000
__S0                                           (abs)        0200A
__S1                                           (abs)        0024F
__S3                                           (abs)        00000
__Umul8_16                                     text51       011CE
__Umul8_16@multiplicand                        cstackBANK1  000A0
__Umul8_16@multiplier                          cstackBANK1  000A8
__Umul8_16@product                             cstackBANK1  000A4
__Umul8_16@word_mpld                           cstackBANK1  000A6
___awdiv                                       text9        0153A
___awdiv@counter                               cstackBANK1  000A5
___awdiv@dividend                              cstackBANK1  000A2
___awdiv@divisor                               cstackBANK1  000A0
___awdiv@quotient                              cstackBANK1  000A7
___awdiv@sign                                  cstackBANK1  000A6
___awmod                                       text8        013D7
___awmod@counter                               cstackBANK1  000A5
___awmod@dividend                              cstackBANK1  000A2
___awmod@divisor                               cstackBANK1  000A0
___awmod@sign                                  cstackBANK1  000A6
___fladd                                       text49       00DF8
___fladd@a                                     cstackBANK1  000D8
___fladd@aexp                                  cstackBANK1  000E5
___fladd@b                                     cstackBANK1  000D4
___fladd@bexp                                  cstackBANK1  000E6
[...]
__pstringtext1                                 stringtext1  02000
__pstringtext2                                 stringtext2  02006
__pstringtext3                                 stringtext3  02008
__pstringtext4                                 stringtext4  00000
__ptext1                                       text1        0159A
__ptext10                                      text10       00691
__ptext11                                      text11       0142B
__ptext12                                      text12       012AA
__ptext13                                      text13       01276
__ptext14                                      text14       0116E
__ptext15                                      text15       01678
__ptext16                                      text16       01FC2
__ptext17                                      text17       01066
__ptext18                                      text18       01314
__ptext19                                      text19       0118D
__ptext2                                       text2        01076
__ptext20                                      text20       016F6
__ptext21                                      text21       01000
__ptext22                                      text22       01FBB
__ptext23                                      text23       010DC
__ptext24                                      text24       0103A
__ptext25                                      text25       011AD
__ptext26                                      text26       0100C
__ptext27                                      text27       0102D
__ptext28                                      text28       01FD4
__ptext29                                      text29       007A5
__ptext3                                       text3        01150
__ptext30                                      text30       01003
__ptext31                                      text31       01FC7
__ptext32                                      text32       01FF7
__ptext33                                      text33       011F2
__ptext34                                      text34       01FEE
__ptext35                                      text35       01FE5
__ptext36                                      text36       01FDC
__ptext37                                      text37       00074
__ptext38                                      text38       01217
__ptext39                                      text39       010CA
__ptext4                                       text4        00955
__ptext40                                      text40       01137
__ptext41                                      text41       010B9
__ptext42                                      text42       010A8
__ptext43                                      text43       0134C
__ptext44                                      text44       01775
__ptext45                                      text45       008AA
__ptext46                                      text46       01242
__ptext47                                      text47       01607
__ptext48                                      text48       012DE
__ptext49                                      text49       00DF8
__ptext5                                       text5        014DB
__ptext50                                      text50       00456
__ptext51                                      text51       011CE
__ptext52                                      text52       00BF4
__ptext54                                      text54       01120
__ptext55                                      text55       01097
__ptext56                                      text56       01481
__ptext57                                      text57       007FF
__ptext58                                      text58       00800
__ptext59                                      text59       00A4A
__ptext6                                       text6        01FCD
__ptext60                                      text60       01086
__ptext61                                      text61       01057
__ptext62                                      text62       01109
__ptext63                                      text63       00003
__ptext64                                      text64       01048
__ptext65                                      text65       010F2
__ptext66                                      text66       01FB8
__ptext7                                       text7        01015
__ptext8                                       text8        013D7
__ptext9                                       text9        0153A
_abs                                           text39       010CA
_atoi                                          text15       01678
_constrain                                     text43       0134C
_correction                                    bssBANK2     00151
_correction_anterior                           bssBANK3     001CC
_correction_anterior_anterior                  bssBANK3     001C8
_dbuf                                          bssBANK3     001A0
_encoder                                       bssBANK0     0003E
_error                                         bssBANK2     00159
_error_anterior                                bssBANK3     001D4
_error_anterior_anterior                       bssBANK3     001D0
_error_integrativo                             bssBANK2     00155
_eusartRxLastError                             bssBANK0     0004A
_flags                                         bssBANK0     00049
_fputc                                         text5        014DB
_getPosition                                   text42       010A8
_getVelocity                                   text41       010B9
_index_encoder                                 bssBANK2     00161
_index_encoder_anterior                        dataBANK2    00163
_inicializaControle                            text20       016F6
_initialize                                    text18       01314
_kd                                            bssBANK0     0004B
_ki                                            bssBANK0     0004F
_kp                                            bssBANK0     00053
_lastPos                                       bssBANK2     0014D
_lastPulse                                     bssBANK2     0015D
_lastVel                                       bssBANK3     001C4
_main                                          maintext     01391
_moveMotor                                     text38       01217
_pos                                           bssBANK2     00149
_prec                                          bssBANK0     00044
_printf                                        text2        01076
_putch                                         text6        01FCD
_readMensage                                   text10       00691
_sendMensage                                   text1        0159A
_setPoint                                      bssBANK0     00057
_strchr                                        text14       0116E
_strcspn                                       text13       01276
_strspn                                        text12       012AA
_strtok                                        text11       0142B
_timer1ReloadVal                               bssBANK0     00046
_type                                          bssBANK1     000EE
_vel                                           bssBANK2     00145
_velPulse_ms                                   bssBANK3     001C0
_vfpfcnvrt                                     text4        00955
_vfprintf                                      text3        01150
_width                                         bssBANK0     00042
abs@a                                          cstackBANK1  000A7
atoi@n                                         cstackBANK1  000AB
atoi@neg                                       cstackBANK1  000AA
atoi@s                                         cstackBANK1  000AD
btemp                                          (abs)        0007E
clear_ram0                                     clrtext      01021
constrain@MAX                                  cstackBANK1  000B4
constrain@MIN                                  cstackBANK1  000B0
constrain@VAR                                  cstackBANK1  000AC
end_of_initialization                          cinit        00070
fputc@c                                        cstackBANK1  000A2
fputc@fp                                       cstackBANK1  000A4
i1___fldiv                                     text59       00A4A
i1___fldiv@a                                   cstackBANK0  00020
i1___fldiv@aexp                                cstackBANK0  00039
i1___fldiv@b                                   cstackBANK0  00024
i1___fldiv@bexp                                cstackBANK0  00038
i1___fldiv@grs                                 cstackBANK0  00034
i1___fldiv@new_exp                             cstackBANK0  00032
i1___fldiv@rem                                 cstackBANK0  0002D
i1___fldiv@sign                                cstackBANK0  00031
i1___xxtofl                                    text58       00800
i1___xxtofl@arg                                cstackCOMMON 0007A
i1___xxtofl@exp                                cstackCOMMON 00079
i1___xxtofl@sign                               cstackCOMMON 00078
i1___xxtofl@val                                cstackCOMMON 00070
initialize@index                               cstackBANK1  000AA
int$flags                                      (abs)        0007E
intlevel0                                      functab      00000
intlevel1                                      functab      00000
intlevel2                                      functab      00000
intlevel3                                      functab      00000
intlevel4                                      functab      00000
intlevel5                                      functab      00000
moveMotor@m                                    cstackBANK2  0012D
printf@ap                                      cstackBANK1  000C9
printf@fmt                                     cstackBANK1  000C3
putch@txData                                   cstackBANK1  000A1
readMensage@KD                                 cstackBANK1  000E4
readMensage@KI                                 cstackBANK1  000E3
readMensage@KP                                 cstackBANK1  000E2
readMensage@SETPOINT                           cstackBANK1  000E1
readMensage@TYPE                               cstackBANK4  00248
readMensage@i                                  cstackBANK4  0024B
readMensage@j                                  cstackBANK4  00249
readMensage@receivedChar                       cstackBANK4  0024E
readMensage@receivedString                     cstackBANK4  00220
readMensage@token                              cstackBANK4  0024D
readMensage@value                              cstackBANK4  0023E
reset_vec                                      reset_vec    00000
sendMensage@index                              cstackBANK1  000D2
start                                          init         00025
start_initialization                           cinit        00027
strchr@c                                       cstackBANK1  000A2
strchr@s                                       cstackBANK1  000A0
strcspn@c                                      cstackBANK1  000A7
strcspn@i                                      cstackBANK1  000AB
strcspn@s                                      cstackBANK1  000AD
strspn@c                                       cstackBANK1  000A7
strspn@i                                       cstackBANK1  000AB
strspn@s                                       cstackBANK1  000AD
strtok@p                                       bssBANK0     00048
strtok@s                                       cstackBANK1  000B2
strtok@sep                                     cstackBANK1  000AE
vfpfcnvrt@ap                                   cstackBANK1  000AE
vfpfcnvrt@c                                    cstackBANK1  000BA
vfpfcnvrt@convarg                              cstackBANK1  000B6
vfpfcnvrt@cp                                   cstackBANK1  000B4
vfpfcnvrt@done                                 cstackBANK1  000B3
vfpfcnvrt@fmt                                  cstackBANK1  000AD
vfpfcnvrt@fp                                   cstackBANK1  000AB
vfprintf@ap                                    cstackBANK1  000BF
vfprintf@cfmt                                  cstackBANK1  000C1
vfprintf@fmt                                   cstackBANK1  000BD
vfprintf@fp                                    cstackBANK1  000BB
wtemp0                                         (abs)        0007E


MODULE INFORMATION

Module		Function		Class		Link	Load	Size
C:\Program Files\Microchip\xc8\v2.45\pic\sources\c99\common\strspn.c
		_strspn        		CODE           	12AA	0000	52

C:\Program Files\Microchip\xc8\v2.45\pic\sources\c99\common\strspn.c estimated size: 52

C:\Program Files\Microchip\xc8\v2.45\pic\sources\c99\common\Umul16.c
		___wmul        		CODE           	118D	0000	32

C:\Program Files\Microchip\xc8\v2.45\pic\sources\c99\common\Umul16.c estimated size: 32

C:\Program Files\Microchip\xc8\v2.45\pic\sources\c99\common\atoi.c
		_atoi          		CODE           	1678	0000	126

C:\Program Files\Microchip\xc8\v2.45\pic\sources\c99\common\atoi.c estimated size: 126

mcc_generated_files/pwm6.c
		_PWM6_LoadDutyValue		CODE           	1137	0000	25
		_PWM6_Initialize		CODE           	102D	0000	13

mcc_generated_files/pwm6.c estimated size: 38

mcc_generated_files/tmr2.c
		_TMR2_Initialize		CODE           	103A	0000	14

mcc_generated_files/tmr2.c estimated size: 14

mcc_generated_files/interrupt_manager.c
		_INTERRUPT_InterruptManager		CODE           	0004	0000	33

mcc_generated_files/interrupt_manager.c estimated size: 33

C:\Program Files\Microchip\xc8\v2.45\pic\sources\c99\common\Umul32.c
		___lmul        		CODE           	1242	0000	52

C:\Program Files\Microchip\xc8\v2.45\pic\sources\c99\common\Umul32.c estimated size: 52

mcc_generated_files/pin_manager.c
		_PIN_MANAGER_Initialize		CODE           	07A5	0000	90
		_IOCCF2_SetInterruptHandler		CODE           	1003	0000	9
		_IOCCF1_DefaultInterruptHandler		CODE           	1FB8	0000	1
		_IOCCF1_ISR    		CODE           	1048	0000	15
		_PIN_MANAGER_IOC		CODE           	1086	0000	17
		_IOCCF2_DefaultInterruptHandler		CODE           	0003	0000	1
		_IOCCF2_ISR    		CODE           	1057	0000	15
		_IOCCF1_SetInterruptHandler		CODE           	1FC7	0000	6

mcc_generated_files/pin_manager.c estimated size: 154

C:\Program Files\Microchip\xc8\v2.45\pic\sources\c99\common\strtok.c
		_strtok        		CODE           	142B	0000	86

C:\Program Files\Microchip\xc8\v2.45\pic\sources\c99\common\strtok.c estimated size: 86

C:\Program Files\Microchip\xc8\v2.45\pic\sources\c99\common\printf.c
		_printf        		CODE           	1076	0000	16

C:\Program Files\Microchip\xc8\v2.45\pic\sources\c99\common\printf.c estimated size: 16

C:\Program Files\Microchip\xc8\v2.45\pic\sources\c99\common\sprcmul.c
		___flmul       		CODE           	0456	0000	571

C:\Program Files\Microchip\xc8\v2.45\pic\sources\c99\common\sprcmul.c estimated size: 571

C:\Program Files\Microchip\xc8\v2.45\pic\sources\c99\common\sprcdiv.c
		___fldiv       		CODE           	0BF4	0000	516

C:\Program Files\Microchip\xc8\v2.45\pic\sources\c99\common\sprcdiv.c estimated size: 516

C:\Program Files\Microchip\xc8\v2.45\pic\sources\c99\common\awmod.c
		___awmod       		CODE           	13D7	0000	84

C:\Program Files\Microchip\xc8\v2.45\pic\sources\c99\common\awmod.c estimated size: 84

C:\Program Files\Microchip\xc8\v2.45\pic\sources\c99\common\flge.c
		___flge        		CODE           	1775	0000	139

C:\Program Files\Microchip\xc8\v2.45\pic\sources\c99\common\flge.c estimated size: 139

shared
		i1___fldiv     		CODE           	0A4A	0000	426
		__initialization		CODE           	0027	0000	73
		i1___xxtofl    		CODE           	0800	0000	170

shared estimated size: 669

C:\Program Files\Microchip\xc8\v2.45\pic\sources\c99\common\xxtofl.c
		___xxtofl      		CODE           	08AA	0000	171

C:\Program Files\Microchip\xc8\v2.45\pic\sources\c99\common\xxtofl.c estimated size: 171

C:\Program Files\Microchip\xc8\v2.45\pic\sources\c99\common\abs.c
		_abs           		CODE           	10CA	0000	18

C:\Program Files\Microchip\xc8\v2.45\pic\sources\c99\common\abs.c estimated size: 18

mcc_generated_files/mcc.c
		_PMD_Initialize		CODE           	1FD4	0000	8
		_OSCILLATOR_Initialize		CODE           	1FF7	0000	9
		_SYSTEM_Initialize		CODE           	10DC	0000	22

mcc_generated_files/mcc.c estimated size: 39

mcc_generated_files/tmr1.c
		_TMR1_Initialize		CODE           	11AD	0000	33
		_TMR1_SetInterruptHandler		CODE           	100C	0000	9
		_TMR1_StopTimer		CODE           	1FBB	0000	3
		_TMR1_DefaultInterruptHandler		CODE           	07FF	0000	1
		_TMR1_WriteTimer		CODE           	1097	0000	17
		_TMR1_StartTimer		CODE           	1000	0000	3
		_TMR1_ISR      		CODE           	1120	0000	23

mcc_generated_files/tmr1.c estimated size: 89

C:\Program Files\Microchip\xc8\v2.45\pic\sources\c99\common\strchr.c
		_strchr        		CODE           	116E	0000	31

C:\Program Files\Microchip\xc8\v2.45\pic\sources\c99\common\strchr.c estimated size: 31

C:\Program Files\Microchip\xc8\v2.45\pic\sources\c99\common\Umul8_16.c
		__Umul8_16     		CODE           	11CE	0000	36

C:\Program Files\Microchip\xc8\v2.45\pic\sources\c99\common\Umul8_16.c estimated size: 36

C:\Program Files\Microchip\xc8\v2.45\pic\sources\c99\common\sprcadd.c
		___flsub       		CODE           	12DE	0000	54
		___fladd       		CODE           	0DF8	0000	520

C:\Program Files\Microchip\xc8\v2.45\pic\sources\c99\common\sprcadd.c estimated size: 574

mcc_generated_files/eusart.c
		_putch         		CODE           	1FCD	0000	7
		_EUSART_Read   		CODE           	1066	0000	16
		_EUSART_Write  		CODE           	1015	0000	12
		_EUSART_Initialize		CODE           	11F2	0000	37
		_EUSART_SetFramingErrorHandler		CODE           	1FE5	0000	9
		_EUSART_SetErrorHandler		CODE           	1FDC	0000	9
		_EUSART_SetOverrunErrorHandler		CODE           	1FEE	0000	9
		_EUSART_is_rx_ready		CODE           	1FC2	0000	5

mcc_generated_files/eusart.c estimated size: 104

main.c
		_constrain     		CODE           	134C	0000	69
		_getPosition   		CODE           	10A8	0000	17
		_main          		CODE           	1391	0000	70
		_PID           		CODE           	0074	0000	994
		_sendMensage   		CODE           	159A	0000	109
		_ENCA_ISR      		CODE           	10F2	0000	23
		_ENCB_ISR      		CODE           	1109	0000	23
		_moveMotor     		CODE           	1217	0000	43
		_getVelocity   		CODE           	10B9	0000	17
		_TIMER_ISR     		CODE           	1481	0000	90
		_initialize    		CODE           	1314	0000	56
		_inicializaControle		CODE           	16F6	0000	127
		_readMensage   		CODE           	0691	0000	276

main.c estimated size: 1914

C:\Program Files\Microchip\xc8\v2.45\pic\sources\c99\common\nf_fputc.c
		_fputc         		CODE           	14DB	0000	95

C:\Program Files\Microchip\xc8\v2.45\pic\sources\c99\common\nf_fputc.c estimated size: 95

C:\Program Files\Microchip\xc8\v2.45\pic\sources\c99\common\doprnt.c
		_vfpfcnvrt     		CODE           	0955	0000	245
		_vfprintf      		CODE           	1150	0000	30

C:\Program Files\Microchip\xc8\v2.45\pic\sources\c99\common\doprnt.c estimated size: 275

C:\Program Files\Microchip\xc8\v2.45\pic\sources\c99\common\awdiv.c
		___awdiv       		CODE           	153A	0000	96

C:\Program Files\Microchip\xc8\v2.45\pic\sources\c99\common\awdiv.c estimated size: 96

C:\Program Files\Microchip\xc8\v2.45\pic\sources\c99\common\fltol.c
		___fltol       		CODE           	1607	0000	113

C:\Program Files\Microchip\xc8\v2.45\pic\sources\c99\common\fltol.c estimated size: 113

C:\Program Files\Microchip\xc8\v2.45\pic\sources\c99\common\strcspn.c
		_strcspn       		CODE           	1276	0000	52

C:\Program Files\Microchip\xc8\v2.45\pic\sources\c99\common\strcspn.c estimated size: 52

